02-15 14:09:03.354  1666  7777 D vendor.qti.bluetooth@1.1-ibs_handler: [ibs_handler.cpp:427] SerialClockVote: vote for UART CLK OFF
02-15 14:09:03.458  1666  7777 I vendor.qti.bluetooth@1.1-ibs_handler: [ibs_handler.cpp:827] ProcessIbsCmd: Received IBS_WAKE_IND: 0xFD
02-15 14:09:03.459  1666  7777 D vendor.qti.bluetooth@1.1-ibs_handler: [ibs_handler.cpp:408] SerialClockVote: vote for UART CLK ON
02-15 14:09:03.459  1666  7777 E vendor.qti.bluetooth@1.1-wake_lock: [wake_lock.cpp:135] Acquire write to wakelock file failed -1 - Operation not permitted
02-15 14:09:03.459  1666  7777 I vendor.qti.bluetooth@1.1-ibs_handler: [ibs_handler.cpp:844] ProcessIbsCmd: Writing IBS_WAKE_ACK
02-15 14:09:03.461  5947  6934 I bluetooth: [btif_bqr.cc:1267] vendor_specific_event_callback: Unhandled BQR subevent 0x01
02-15 14:09:03.462  5947  6934 D bluetooth: [btif_bqr.cc:752] CategorizeBqrEvent: length: 55 quality_report_id: 0x01
02-15 14:09:03.462  5947  6934 D btm_acl : [btm_acl.cc:376] btm_bda_to_acl: bda=xx:xx:xx:xx:b5:d3 transport=1 not found in acl_db
02-15 14:09:03.462  5947  7850 I BluetoothInCallService: BluetoothInCallService = com.android.bluetooth.telephony.BluetoothInCallService@d496b5f
02-15 14:09:03.462  5947  6934 I bluetooth: [btif_bqr.cc:1204] bqr_delivery_event: len: 55, bqr_id: 1, addr: xx:xx:xx:xx:b5:d3, lmp_ver: 9, manufacturer_id: 2476, lmp_subver: 809
02-15 14:09:03.463  5947  7850 I BluetoothQualityReportJni: [com_android_bluetooth_BluetoothQualityReport.cpp:48] bqr_delivery_callback: 
02-15 14:09:03.463  5947  7850 I BluetoothQualityReportNativeInterface: rawData Length = 85
02-15 14:09:03.466  5947  7850 I BluetoothQualityReportNativeInterface: BQR: {
02-15 14:09:03.466  5947  7850 I BluetoothQualityReportNativeInterface:   mAddr: XX:XX:XX:XX:B5:D3, mLmpVer: 0x09, mLmpSubVer: 0x0329, mManufacturerId: 0x09AC, mName: HUAWEI WATCH FIT-5D3, mBluetoothClass: 0,
02-15 14:09:03.466  5947  7850 I BluetoothQualityReportNativeInterface:   BqrCommon: {
02-15 14:09:03.466  5947  7850 I BluetoothQualityReportNativeInterface:     mQualityReportId: Quality monitor(0x01), mPacketType: INVALID(0x00), mConnectionHandle: 0x0005, mConnectionRole: 0(0), mTxPowerLevel: 7, mRssi: -60, mSnr: 0, mUnusedAfhChannelCount: 26,
02-15 14:09:03.466  5947  7850 I BluetoothQualityReportNativeInterface:     mAfhSelectUnidealChannelCount: 0, mLsto: 8000, mPiconetClock: 0x0A03366F, mRetransmissionCount: 0, mNoRxCount: 0, mNakCount: 0, mLastTxAckTimestamp: 0x00000000, mFlowOffCount: 0,
02-15 14:09:03.466  5947  7850 I BluetoothQualityReportNativeInterface:     mLastFlowOnTimestamp: 0x00000000, mOverflowCount: 0, mUnderflowCount: 0, mAddr: XX:XX:XX:XX:00:00, mCalFailedItemCount: 0,
02-15 14:09:03.466  5947  7850 I BluetoothQualityReportNativeInterface:     mTxTotalPackets: 0, mTxUnackPackets: 0, mTxFlushPackets: 0, mTxLastSubeventPackets: 0, mCrcErrorPackets: 0, mRxDupPackets: 3539992576, mRxUnRecvPackets: 938949045, mCoexInfoMask: 148
02-15 14:09:03.466  5947  7850 I BluetoothQualityReportNativeInterface:   }
02-15 14:09:03.466  5947  7850 I BluetoothQualityReportNativeInterface: }
02-15 14:09:03.467  5947  5947 I oplus_bt_dual_sync: [oplus_bt_dual_sync.cc:151] stack_down_sync_action: type=18, len=17
02-15 14:09:03.467  5947  5947 I oplus_bt_qos_monitor: [oplus_bt_qos_monitor.cc:118] get_oplus_qos_data: getting qos data
02-15 14:09:03.500  1666  7777 I vendor.qti.bluetooth@1.1-ibs_handler: [ibs_handler.cpp:874] ProcessIbsCmd: Received IBS_SLEEP_IND: 0xFE
02-15 14:09:03.501  1666  7777 D vendor.qti.bluetooth@1.1-ibs_handler: [ibs_handler.cpp:427] SerialClockVote: vote for UART CLK OFF
02-15 14:09:03.502  1666  7777 E vendor.qti.bluetooth@1.1-wake_lock: [wake_lock.cpp:149] Release wake lock not initialized/acquired
02-15 14:09:03.506  3260  3854 V AlarmManager: sending alarm Alarm{9042b94 type 1 origWhen 1771153743506 whenElapsed 136404681 android} uid 1000 whenElapsed 136404681 windowLength 0 maxWhenElapsed 136404681 repeatInterval 0 action null component null tag StorgaeBandInfoAlarmTag flags 0x9 procName system_server
02-15 14:09:03.508  3260 29271 E OplusStorageUFSBandwidth: storage_io_metrics_path is /proc/oplus_storage/io_metrics/forever/
02-15 14:09:03.509  3260 29271 E OplusStorageUFSBandwidth: Bandwidth - Read: 0,00 MB/s, Write: 0,00 MB/s
02-15 14:09:03.510  3260 29271 E OplusStorageUFSBandwidth: Task time: 2ms
02-15 14:09:03.511  3260 29271 E OplusStorageUFSBandwidth: Alarm set to trigger in 10 seconds
02-15 14:09:03.652  1666  7101 E vendor.qti.bluetooth@1.1-wake_lock: [wake_lock.cpp:149] Release wake lock not initialized/acquired
02-15 14:09:03.669  1686 11289 I WifiHAL : event received NL80211_CMD_VENDOR, vendor_id = 0x1374, subcmd = 0xd
02-15 14:09:03.670  2770  2770 I cnss-daemon: nl80211 response handler invoked
02-15 14:09:03.670  2770  2770 I cnss-daemon: nl80211_response_handler: cmd 103, vendorID 4980, subcmd 13  received
02-15 14:09:03.691  4914 10506 D CommonApp-115-10768: transport layer data is invalid
02-15 14:09:03.693  4914 10506 D CommonApp-116-10768: transport layer data is invalid
02-15 14:09:03.693  4914 10506 D CommonApp-113-10768: transport layer data is invalid
02-15 14:09:03.693  4914 10506 D ScorePolicy: handleScoreChanged: []
02-15 14:09:03.693  4914 10506 D ScorePolicy: handleScoreChanged: []
02-15 14:09:03.693  4914 10506 D ScorePolicy: handleScoreChanged: []
02-15 14:09:03.700  3260  3929 D WifiStaIfaceHidlImpl: getCachedScanData is not implemented by HIDL
02-15 14:09:03.707  4914  4914 D VendorWifiService: onEvent event:9,action:1
02-15 14:09:03.717  3260  4055 D ScorerUtils: isLowTraffic: txTputKBps=0, rxTputKBps=0
02-15 14:09:03.717  3260  4055 D OplusWifiPower_TriggerCenter: mComponentCallback: wifistat
02-15 14:09:03.924  4781  5322 D DnsDomainBlock: onDnsEvent: latencyMs=0, returnCode=4, uid=10373
02-15 14:09:03.934  3001  3476 D QmiClient: qmiServiceEventCallback recv msg id 1099
02-15 14:09:03.934  3001  3476 D QmiClient: enter -mServiceType 4 onQmiServiceEventCallback msgId 1099
02-15 14:09:03.935  3001  3476 D QmiClient: onQmiServiceEventCallback - enter. msgId=1099
02-15 14:09:03.935  3001  3476 D QmiVsClientEvent: QosPeriodReportInd MSG IND data_len 2052
02-15 14:09:03.935  3001  3476 D QmiVsClientEvent: qmiVsClientNotifyQosPeriodReportIndEvent - RADIO_EVENT_QOS_PERIOD_REPORT_NOTIFY_IND
02-15 14:09:03.935  3001  3022 D VsProxy : handleMessage msg is 2420
02-15 14:09:03.935  3001  3022 D VsProxy : handleQosPeriodReportInd for instance 1 data_len 144
02-15 14:09:03.936  4914 23169 D SubsysRadioIndication[1]: radioQosPeriodReportInd result [8, -3, -63, -108, -128, 13, 34, 8, 8, -22, -88, -6, -1, 12, 32, 1, 58, 61, 8, -24, -73, -108, -128, 13, 16, 4, 24, -2, -76, 2, 32, -14, 1, 40, -84, -1, -1, -1, -1, -1, -1, -1, -1, 1, 48, -13, -1, -1, -1, -1, -1, -1, -1, -1, 1, 56, 7, 64, -84, -1, -1, -1, -1, -1, -1, -1, -1, 1, 72, -90, -1, -1, -1, -1, -1, -1, -1, -1, 1, 66, 26, 8, -3, -47, -110, -128, 13, 16, 4, 34, 16, 8, -2, -76, 2, 16, -14, 1, 24, 40, 32, 6, 40, -92, -74, -123, 95, 90, 0, 98, 10, 8, -96, -49, -110, -128, 13, 16, 3, 24, 4, 122, 21, 8, -5, -33, -70, -1, 12, 16, -80, -1, -1, -1, 15, 24, -66, 1, 32, -1, -1, -1, -1, 15]
02-15 14:09:03.936  4914  4914 D NetworkService[1]: handleMessage what:1005
02-15 14:09:03.937  4914  4914 D RadioAtomTracker: parseQosPeriodData ModemQos error:Attempt to invoke virtual method 'int java.lang.Integer.intValue()' on a null object reference
02-15 14:09:03.938  4914  4914 D NetworkService[1]: EVENT_REG_QOS_PERIOD_REPORT_IND_CHANGED ENTER
02-15 14:09:04.040  4567  4667 I SystemUi--Statusbar: OplusNetworkSpeedControllExImpl-->updateNetworkSpeed: isConnected:true,isSwitchOn:true,isSuspend:false,isPause:false
02-15 14:09:04.043  4567  4667 I SystemUi--Statusbar: OplusNetworkSpeedControllExImpl-->getTotalByte: totalRxBytes:8457773367,totalTxBytes:485523459,loopbackTxBytes:194088,loopbackRxBytes:192888 ,totalBytes:8942909850
02-15 14:09:04.110  1863  1913 D vendor.oplus.hardware.charger-V9-service: ret_value:108, read content:,314,331,3754,3753,106,500,1100,22,23,1,4,212,4758,22,1,0,1,1,0,0,4420,0,7,0,7,0,0,0,311,0,1,1,0,0,0,13,0,0
02-15 14:09:04.111  1863  1913 D vendor.oplus.hardware.charger-V9-service: gmtime: 2026-02-15-14-09-04
02-15 14:09:04.111  1863  1913 D vendor.oplus.hardware.charger-V9-service: usb_online:1, ac_online:0, wireless_online:-2147483646
02-15 14:09:04.161  3260  3367 D OplusMotionDetector: mRunningStats = previousVector = timeMillisSinceBoot=136405271 | x=-0.3272185, y=9.128618, z=3.7980077, energy=8.588455E-4, mCurrentVector = timeMillisSinceBoot=136405311 | x=-0.32004002, y=9.116654, z=3.8171504, energy=5.611044E-4, mSampleCount = 9563, mEnergy = 0.030912178
02-15 14:09:04.162  3260  3367 D OplusMotionDetector: mCurrentGravityVector = timeMillisSinceBoot=136402834 | x=-0.31849694, y=9.118088, z=3.8175745, energy=0.0
02-15 14:09:04.162  3260  3367 D OplusMotionDetector: mPreviousGravityVector = timeMillisSinceBoot=136401835 | x=-0.31865135, y=9.117006, z=3.8185782, energy=0.0
02-15 14:09:04.162  3260  3367 D OplusMotionDetector: getStationaryStatus: angle = 0,007849 mEnergy = 0,030912
02-15 14:09:04.243  1863  1915 D BatteryChargeControl: bcc get no support from charging protocol
02-15 14:09:04.694  3260  3729 D osense.compress: com.android.settings do shrink, target ratio = 35, final ratio = 70, cur ratio = 0
02-15 14:09:04.713  4914 10506 D CommonApp-115-10768: transport layer data is invalid
02-15 14:09:04.714  4914 10506 D CommonApp-116-10768: transport layer data is invalid
02-15 14:09:04.714  4914 10506 D CommonApp-113-10768: transport layer data is invalid
02-15 14:09:04.714  4914 10506 D ScorePolicy: handleScoreChanged: []
02-15 14:09:04.715  4914 10506 D ScorePolicy: handleScoreChanged: []
02-15 14:09:04.715  4914 10506 D ScorePolicy: handleScoreChanged: []
02-15 14:09:04.947  1863  1863 D ChargerInfo: getInfo: type: 0x1, update: 1
02-15 14:09:04.947  1863  1895 D ChargerInfo: chargerInfoUpdateThread: update start
02-15 14:09:04.950  1863  1895 D ChargerInfo: enableTx: path(/proc/wireless/enable_tx): not exist
02-15 14:09:04.955  1863  1895 D ChargerInfo: get_ui_charge_icon_type: 0 0 0 0
02-15 14:09:04.958  1863  1895 D ChargerInfo: cpaPower:2500 isChargeOnline:1 isSupportRetentionTopic:0
02-15 14:09:04.958  1863  1895 E ChargerInfo: SingleHyperPath not found
02-15 14:09:04.958  1863  1895 D ChargerInfo: CarC: path(/sys/class/oplus_chg/battery/gauge_car_c): not exist
02-15 14:09:04.959  1863  1895 D ChargerInfo: chargerInfoUpdateThread: update end
02-15 14:09:04.959  1863  1895 D ChargerInfo: chargerInfoUpdateThread: update wait
02-15 14:09:04.959  1863  1863 D ChargerInfo: enableTx: path(/proc/wireless/enable_tx): not exist
02-15 14:09:04.959  1863  1863 D ChargerInfo: getInfo: {"Update":{"batteryFcc":3974,"batteryRm":842,"bddLeakCurr":0,"bmsStatus":0,"bypassChgStatus":0,"chargeTimeRemaining":0,"cpaPower":2,"enableTx":true,"fastCharge":0,"isSupportSpeedCharge":0,"notifyCode":0,"otgOnline":1,"ppsChargePower":0,"ppsCharging":0,"shortCHwStatus":0,"shortIcOtpStatus":0,"uiIconType":0,"uiPower":0,"usbStatus":0,"wlsAdapterPower":0}}
02-15 14:09:04.969  3260  3260 D OplusWifiBroadCastDispatcher: mBroadcastReceiver: onReceiver  action=android.intent.action.BATTERY_CHANGED
02-15 14:09:04.970  4567  4567 I SystemUi--Statusbar: BatteryControllerExt-->updateBatteryChangeIntent():broadcast=android.intent.action.BATTERY_CHANGED,level=23,scale=100
02-15 14:09:04.970  4567  4567 I SystemUi--Statusbar: BatteryRepository-->level: 23 -- isSavingMode: false
02-15 14:09:04.973  4914  4914 D SubsysBroadcastManager: onReceive action:android.intent.action.BATTERY_CHANGED
02-15 14:09:04.974  4567  4667 I SystemUi--SystemUi--: OtgHelper-->OtgCurrentState = 1, mOtgLastState = 1
02-15 14:09:04.974  6489  6489 D LogKit_LogPolicyManager: battery status:2
02-15 14:09:04.974  6489  6489 I LogKit_LogPolicyManager: ==========checkCondition mIsAllowUploadLog:true
02-15 14:09:04.974  6489  6489 D LogKit_LogPolicyManager: ==========temp:32 cpu:0 game:false screen:true charge:true
02-15 14:09:04.974  6595  6595 E VendorNfcService: changeNfcStateByWirelessCharge: feature WIRELESS_CHARGING = true; mIsWirelessCharging: false; mIsReverseChargingSwitchOpen: false; nfcWorkMode: 0; isOverSeaRegion = true
02-15 14:09:04.975  4774  4774 D DeviceStatisticsService: onReceive: action= android.intent.action.BATTERY_CHANGED
02-15 14:09:04.975  6746  6746 D OplusAudioDetectStrategy: onReceive action :android.intent.action.BATTERY_CHANGED
02-15 14:09:04.976  6746  6746 D OplusAudioDetectStrategy: isLowBattery = true, mLowBatteryMode = true
02-15 14:09:04.977  4774  4774 D DeviceInfoAidlClient: isRadioOn()=true
02-15 14:09:04.977  4774  4774 I DeviceInfoAidlClient: isPowerInfoNeverSent=false batteryLevel=23 batteryLevelIndex=2 chargingMode=2 totalCapacity=3660800 powerSaveMode=false
02-15 14:09:04.978  7005  7005 I PTC.APPCORE.EventBroadcastReceiver: onReceive, action=android.intent.action.BATTERY_CHANGED
02-15 14:09:04.979  7005  7005 I PTC.APPCORE.BatteryLevelReceiver: current battery = batteryPercentage, not need change
02-15 14:09:04.979  4206  4616 E Battery : a: getAISleepDuration: predictResult is null.
02-15 14:09:04.979  4206  4616 E Battery : ChargeProtectionUtils: First Alarm is Thu Jan 01 07:00:00 GMT+03:00 2026, nowRtc  = Sun Feb 15 14:09:04 GMT+03:00 2026, too close , ignore it.
02-15 14:09:04.979  4206  4616 E Battery : ChargeProtectionUtils: mCanlendarTmp.isEmpty()!
02-15 14:09:04.981 32351 32351 D CustomLogManagerService: onReceive android.intent.action.BATTERY_CHANGED
02-15 14:09:04.981  3001  3476 D QmiClient: qmiServiceEventCallback recv msg id 1099
02-15 14:09:04.981  3001  3476 D QmiClient: enter -mServiceType 4 onQmiServiceEventCallback msgId 1099
02-15 14:09:04.981  3001  3476 D QmiClient: onQmiServiceEventCallback - enter. msgId=1099
02-15 14:09:04.981  3001  3476 D QmiVsClientEvent: QosPeriodReportInd MSG IND data_len 2052
02-15 14:09:04.981  3001  3476 D QmiVsClientEvent: qmiVsClientNotifyQosPeriodReportIndEvent - RADIO_EVENT_QOS_PERIOD_REPORT_NOTIFY_IND
02-15 14:09:04.981  3001  3022 D VsProxy : handleMessage msg is 2420
02-15 14:09:04.981  3001  3022 D VsProxy : handleQosPeriodReportInd for instance 1 data_len 144
02-15 14:09:04.982  4206   365 W Battery : BatteryStatsManager: level=23, status=2, plugType=2
02-15 14:09:04.982  4914 23169 D SubsysRadioIndication[1]: radioQosPeriodReportInd result [8, -108, -54, -108, -128, 13, 34, 8, 8, -22, -88, -6, -1, 12, 32, 1, 58, 61, 8, -2, -63, -108, -128, 13, 16, 4, 24, -2, -76, 2, 32, -14, 1, 40, -84, -1, -1, -1, -1, -1, -1, -1, -1, 1, 48, -20, -1, -1, -1, -1, -1, -1, -1, -1, 1, 56, 7, 64, -84, -1, -1, -1, -1, -1, -1, -1, -1, 1, 72, -89, -1, -1, -1, -1, -1, -1, -1, -1, 1, 66, 26, 8, -3, -47, -110, -128, 13, 16, 4, 34, 16, 8, -2, -76, 2, 16, -14, 1, 24, 40, 32, 6, 40, -92, -74, -123, 95, 90, 0, 98, 10, 8, -96, -49, -110, -128, 13, 16, 3, 24, 4, 122, 21, 8, -5, -33, -70, -1, 12, 16, -80, -1, -1, -1, 15, 24, -66, 1, 32, -1, -1, -1, -1, 15]
02-15 14:09:04.982  4914  4914 D NetworkService[1]: handleMessage what:1005
02-15 14:09:04.982  4914  4914 D RadioAtomTracker: parseQosPeriodData ModemQos error:Attempt to invoke virtual method 'int java.lang.Integer.intValue()' on a null object reference
02-15 14:09:04.983  4914  4914 D NetworkService[1]: EVENT_REG_QOS_PERIOD_REPORT_IND_CHANGED ENTER
02-15 14:09:05.162  3260  3367 D OplusMotionDetector: mRunningStats = previousVector = timeMillisSinceBoot=136406270 | x=-0.3152544, y=9.119047, z=3.824329, energy=1.7177455E-5, mCurrentVector = timeMillisSinceBoot=136406310 | x=-0.32243285, y=9.128618, z=3.8051863, energy=5.095759E-4, mSampleCount = 9588, mEnergy = 0.057879675
02-15 14:09:05.162  3260  3367 D OplusMotionDetector: mCurrentGravityVector = timeMillisSinceBoot=136403833 | x=-0.31768653, y=9.11886, z=3.8171506, energy=0.0
02-15 14:09:05.162  3260  3367 D OplusMotionDetector: mPreviousGravityVector = timeMillisSinceBoot=136402834 | x=-0.31849694, y=9.118088, z=3.8175745, energy=0.0
02-15 14:09:05.162  3260  3367 D OplusMotionDetector: getStationaryStatus: angle = 0,006239 mEnergy = 0,057880
