02-15 14:03:39.855  6087  6528 W InteractionJankMonitor: Initializing without READ_DEVICE_CONFIG permission. enabled=false, interval=1, missedFrameThreshold=3, frameTimeThreshold=64, package=com.willpower.tracker.lab7
02-15 14:03:39.856  4567  4567 I SystemUi--NavBar: NavigationBarGestureExImpl-->oplusAllowSystemGestureIgnoringBarVisibility isOplusFlagAllowBackGestureIgnoreVisibilityState = false isGestureMisTouchPreventionEnable = true
02-15 14:03:39.856  4567  4567 D LauncherProxyService: Notifying sysui state change to launcher service: proxy=com.android.systemui.shared.recents.ILauncherProxy$Stub$Proxy@a216a1a display=0 flags=awake
02-15 14:03:39.860  6087  6087 I DynamicFramerate [FRTCConfigManager]: initFrameRateConfig: 
02-15 14:03:39.860  6087  6087 I DynamicFramerate [FRTCConfigManager]: 	levelsFor120hz: [120, 60]
02-15 14:03:39.860  6087  6087 I DynamicFramerate [FRTCConfigManager]: 	thresholdsFor120hz: [200]
02-15 14:03:39.860  6087  6087 I DynamicFramerate [FRTCConfigManager]: 	levelsFor90hz: [90]
02-15 14:03:39.860  6087  6087 I DynamicFramerate [FRTCConfigManager]: 	thresholdsFor90hz: []
02-15 14:03:39.860  6087  6087 I DynamicFramerate [FRTCConfigManager]: FRTCConfigManager: FRTC_CAPABILITY = 120, package name = com.willpower.tracker.lab7, WINDOW_ANIMATION_SPEED_RATE = 10, SCROLL_ANIMATION_SPEED_RATE = 20, PACKAGE_ENABLE = false
02-15 14:03:39.860  6087  6087 I DynamicFramerate [DynamicFrameRateController]: init info: mPackageName = com.willpower.tracker.lab7, mIsEnabled = false
02-15 14:03:39.895  4567  4567 I SystemUi--NavBar: NavigationBarGestureExImpl-->oplusAllowSystemGestureIgnoringBarVisibility isOplusFlagAllowBackGestureIgnoreVisibilityState = false isGestureMisTouchPreventionEnable = true
02-15 14:03:39.895  4567  4567 D LauncherProxyService: Notifying sysui state change to launcher service: proxy=com.android.systemui.shared.recents.ILauncherProxy$Stub$Proxy@a216a1a display=0 flags=ime_visible|ime_switcher_button_visible|awake|back_dismiss_ime
02-15 14:03:39.921  5192  5223 W kloadclassifier: userfaultfd: MOVE ioctl seems unsupported: Connection timed out
02-15 14:03:39.927  6087  6087 D OplusCursorFeedback: getExtraCursorWidth
02-15 14:03:39.928  6087  6087 D OplusCursorFeedback: getExtraLeftOffset
02-15 14:03:39.965  3260  3372 D SurfaceAnimationRunner: onAnimationEnd:Surface(name=Surface(name=ad87431 PopupWindow:1970a1f)/@0xd887869 - animation-leash of window_animation)/@0x63dcba1
02-15 14:03:39.966  3260  3371 I WindowManager: Window{ad87431 u0 PopupWindow:1970a1f EXITING} state from HAS_DRAWN to NO_SURFACE; reason: destroySurface
02-15 14:03:39.966  3260  3379 W SmartWindowScene: updateWindowState fail! invalid window type: -1
02-15 14:03:39.968  3260  3379 W UserAwareMgr: event can not be released, id: 5005, count: 2, releasePid: 3260
02-15 14:03:39.969  3260  3379 W UserAwareMgr: event can not be released, id: 5006, count: 2, releasePid: 3260
02-15 14:03:39.969  3260  3322 D OplusWindowManagerServiceEnhance: setInsetAnimationTid: pid 6087 ,tid 6528 ,enable false ,uafEnable true
02-15 14:03:39.970  6087  6087 I ImeTracker: com.willpower.tracker.lab7:4360e015: onShown
02-15 14:03:40.048  1666  7777 I vendor.qti.bluetooth@1.1-ibs_handler: [ibs_handler.cpp:827] ProcessIbsCmd: Received IBS_WAKE_IND: 0xFD
02-15 14:03:40.049  1666  7777 D vendor.qti.bluetooth@1.1-ibs_handler: [ibs_handler.cpp:408] SerialClockVote: vote for UART CLK ON
02-15 14:03:40.049  1666  7777 E vendor.qti.bluetooth@1.1-wake_lock: [wake_lock.cpp:135] Acquire write to wakelock file failed -1 - Operation not permitted
02-15 14:03:40.049  1666  7777 I vendor.qti.bluetooth@1.1-ibs_handler: [ibs_handler.cpp:844] ProcessIbsCmd: Writing IBS_WAKE_ACK
02-15 14:03:40.074  3001  3476 D QmiClient: qmiServiceEventCallback recv msg id 1099
02-15 14:03:40.074  3001  3476 D QmiClient: enter -mServiceType 4 onQmiServiceEventCallback msgId 1099
02-15 14:03:40.074  3001  3476 D QmiClient: onQmiServiceEventCallback - enter. msgId=1099
02-15 14:03:40.074  3001  3476 D QmiVsClientEvent: QosPeriodReportInd MSG IND data_len 2052
02-15 14:03:40.074  3001  3476 D QmiVsClientEvent: qmiVsClientNotifyQosPeriodReportIndEvent - RADIO_EVENT_QOS_PERIOD_REPORT_NOTIFY_IND
02-15 14:03:40.074  3001  3022 D VsProxy : handleMessage msg is 2420
02-15 14:03:40.074  3001  3022 D VsProxy : handleQosPeriodReportInd for instance 1 data_len 144
02-15 14:03:40.075  4914  6556 D SubsysRadioIndication[1]: radioQosPeriodReportInd result [8, -24, -33, -128, -128, 13, 34, 8, 8, -22, -88, -6, -1, 12, 32, 1, 58, 61, 8, -24, -53, -128, -128, 13, 16, 4, 24, -2, -76, 2, 32, -14, 1, 40, -85, -1, -1, -1, -1, -1, -1, -1, -1, 1, 48, -16, -1, -1, -1, -1, -1, -1, -1, -1, 1, 56, 6, 64, -85, -1, -1, -1, -1, -1, -1, -1, -1, 1, 72, -89, -1, -1, -1, -1, -1, -1, -1, -1, 1, 66, 26, 8, -3, -83, -128, -128, 13, 16, 4, 34, 16, 8, -2, -76, 2, 16, -14, 1, 24, 40, 32, 6, 40, -92, -74, -123, 95, 90, 0, 98, 10, 8, -3, -86, -128, -128, 13, 16, 3, 24, 4, 122, 21, 8, -5, -33, -70, -1, 12, 16, -80, -1, -1, -1, 15, 24, -66, 1, 32, -1, -1, -1, -1, 15]
02-15 14:03:40.075  4914  4914 D NetworkService[1]: handleMessage what:1005
02-15 14:03:40.075  4914  4914 D RadioAtomTracker: parseQosPeriodData ModemQos error:Attempt to invoke virtual method 'int java.lang.Integer.intValue()' on a null object reference
02-15 14:03:40.076  4914  4914 D NetworkService[1]: EVENT_REG_QOS_PERIOD_REPORT_IND_CHANGED ENTER
02-15 14:03:40.090  1666  7777 I vendor.qti.bluetooth@1.1-ibs_handler: [ibs_handler.cpp:874] ProcessIbsCmd: Received IBS_SLEEP_IND: 0xFE
02-15 14:03:40.091  1666  7777 D vendor.qti.bluetooth@1.1-ibs_handler: [ibs_handler.cpp:427] SerialClockVote: vote for UART CLK OFF
02-15 14:03:40.106  4914 10506 D CommonApp-115-10768: transport layer data is invalid
02-15 14:03:40.106  4914 10506 D CommonApp-116-10768: transport layer data is invalid
02-15 14:03:40.106  4914 10506 D CommonApp-113-10768: transport layer data is invalid
02-15 14:03:40.107  4914 10506 D ScorePolicy: handleScoreChanged: []
02-15 14:03:40.107  4914 10506 D ScorePolicy: handleScoreChanged: []
02-15 14:03:40.107  4914 10506 D ScorePolicy: handleScoreChanged: []
02-15 14:03:40.165 32740  1005 W LibevQuicAsyncUDPSocket.h: setTosOrTrafficClass not implemented in LibevQuicAsyncUDPSocket
02-15 14:03:40.169  4781  5322 D DnsDomainBlock: onDnsEvent: latencyMs=0, returnCode=4, uid=10639
02-15 14:03:40.171 32740  1005 E MvfstCallbacks.cpp: onConnectionSetupError: error=TransportError: Internal Error, Error on socket write Operation not permitted, 
02-15 14:03:40.226  2770  2770 I cnss-daemon: nl80211 response handler invoked
02-15 14:03:40.226  2770  2770 I cnss-daemon: nl80211_response_handler: cmd 103, vendorID 4980, subcmd 13  received
02-15 14:03:40.227  1686 11289 I WifiHAL : event received NL80211_CMD_VENDOR, vendor_id = 0x1374, subcmd = 0xd
02-15 14:03:40.242  1666  7101 E vendor.qti.bluetooth@1.1-wake_lock: [wake_lock.cpp:149] Release wake lock not initialized/acquired
02-15 14:03:40.554  3260  3367 D OplusMotionDetector: mRunningStats = previousVector = timeMillisSinceBoot=136081673 | x=-0.32243285, y=9.123833, z=3.8195431, energy=8.0155085E-5, mCurrentVector = timeMillisSinceBoot=136081713 | x=-0.32243285, y=9.131011, z=3.821936, energy=5.7253426E-5, mSampleCount = 1160, mEnergy = 0.009876652
02-15 14:03:40.554  3260  3367 D OplusMotionDetector: mCurrentGravityVector = timeMillisSinceBoot=136079235 | x=-0.31830356, y=9.12056, z=3.8161087, energy=0.0
02-15 14:03:40.554  3260  3367 D OplusMotionDetector: mPreviousGravityVector = timeMillisSinceBoot=136078237 | x=-0.31880522, y=9.1207905, z=3.8169193, energy=0.0
02-15 14:03:40.554  3260  3367 D OplusMotionDetector: getStationaryStatus: angle = 0,004736 mEnergy = 0,009877
02-15 14:03:40.578  2034  2298 D VRR [OTI]: handleIdle from 0 to 1
02-15 14:03:40.578  2034  2298 D VRR [OTI-HW]: isStateReady 0
02-15 14:03:40.578  2034  2298 D VRR [OTI-HW]: keep rate.
02-15 14:03:40.578  2034  2298 D VRR [OTI-ADFR]: getBestTargetRate 60, modeTypeIsReady 1, currentFps 120
02-15 14:03:40.578  2034  2298 D VRR [OTI-ADFR]: targetRate change from 0 to 60
02-15 14:03:40.578  2034  2298 I VRR [CVT]: setFrameRate with [60, oti-adfr]
02-15 14:03:40.578  2034  2298 D VRR [OplusVSyncPredictor]: setCvtRefreshRate (60), Period (16666666)
02-15 14:03:40.578  2034  2298 I VRR-[OPlusRefreshRateSelector]: setIdleModeExternal success, idle fps: 60
02-15 14:03:40.579  1696  2216 I SDM     : HWDeviceDRM::OPlusGetQSyncMinFps: VRR +  OPlusGetQSyncMinFps: 12714172 00C200BC
02-15 14:03:40.580  1696  2216 I SDM     : DisplayBuiltIn::SetQSyncMode: VRR + update qsync mode 0 minfps 00C200BC
02-15 14:03:40.580  1696  2216 I SDM     : HWDeviceDRM::OPlusIsQSyncMinFpsForAuto: VRR +  OPlusIsQSyncMinFpsForAuto: 1
02-15 14:03:40.580  1696  2216 I SDM     : DisplayBuiltIn::SetQSyncMode: VRR + needs_avr_update_ 0
02-15 14:03:40.580  1696  2216 I SDM     : DisplayBuiltIn::SetQSyncMode: Qsync mode set to 0 successfully, setting transfer time to min: 6392
02-15 14:03:40.580  1696  2216 W SDM     : DisplayBuiltIn::UpdateTransferTime: Same transfer time requested. Current = 6392, Requested = 6392
02-15 14:03:40.584  1696  2155 I SDM     : HWDeviceDRM::OPlusGetQSyncMinFpsUpdate: VRR +  OPlusGetQSyncMinFpsUpdate: 1
02-15 14:03:40.584  1696  2155 I SDM     : HWDeviceDRM::OPlusIsQSyncMinFpsForAuto: VRR +  OPlusIsQSyncMinFpsForAuto: 1
02-15 14:03:40.584  1696  2155 I SDM     : HWDeviceDRM::OPlusGetQSyncMinFps: VRR +  OPlusGetQSyncMinFps: 12714172 00C200BC
02-15 14:03:40.584  1696  2155 E SDM     : DRMConnector::Perform: Connector 67: Setting Qsync min fps 12714172
02-15 14:03:40.602  1863  1915 D BatteryChargeControl: bcc get no support from charging protocol
02-15 14:03:40.647  3260  3854 V AlarmManager: sending alarm Alarm{e7db1bd type 1 origWhen 1771153420647 whenElapsed 136081823 android} uid 1000 whenElapsed 136081823 windowLength 0 maxWhenElapsed 136081823 repeatInterval 0 action null component null tag StorgaeBandInfoAlarmTag flags 0x9 procName system_server
02-15 14:03:40.649  3260 29271 E OplusStorageUFSBandwidth: storage_io_metrics_path is /proc/oplus_storage/io_metrics/forever/
02-15 14:03:40.651  3260 29271 E OplusStorageUFSBandwidth: Bandwidth - Read: 0,00 MB/s, Write: 0,50 MB/s
02-15 14:03:40.651  3260 29271 E OplusStorageUFSBandwidth: Task time: 2ms
02-15 14:03:40.658  3260 29271 E OplusStorageUFSBandwidth: Alarm set to trigger in 10 seconds
02-15 14:03:40.715  1666  7777 I vendor.qti.bluetooth@1.1-ibs_handler: [ibs_handler.cpp:827] ProcessIbsCmd: Received IBS_WAKE_IND: 0xFD
02-15 14:03:40.715  1666  7777 D vendor.qti.bluetooth@1.1-ibs_handler: [ibs_handler.cpp:408] SerialClockVote: vote for UART CLK ON
02-15 14:03:40.716  1666  7777 E vendor.qti.bluetooth@1.1-wake_lock: [wake_lock.cpp:135] Acquire write to wakelock file failed -1 - Operation not permitted
02-15 14:03:40.716  1666  7777 I vendor.qti.bluetooth@1.1-ibs_handler: [ibs_handler.cpp:844] ProcessIbsCmd: Writing IBS_WAKE_ACK
02-15 14:03:40.757  1666  7777 I vendor.qti.bluetooth@1.1-ibs_handler: [ibs_handler.cpp:874] ProcessIbsCmd: Received IBS_SLEEP_IND: 0xFE
02-15 14:03:40.757  1666  7777 D vendor.qti.bluetooth@1.1-ibs_handler: [ibs_handler.cpp:427] SerialClockVote: vote for UART CLK OFF
02-15 14:03:40.801  7005 27247 E ActivityThread: Failed to find provider info for com.oplus.linker.ios.client.connection.core
02-15 14:03:40.802  7005 27247 E PTC.DOMAIN.AncsBindingRepository: getBoundIPhoneFromDB failed, message=Unknown authority com.oplus.linker.ios.client.connection.core, use cached
02-15 14:03:40.908  1666  7101 E vendor.qti.bluetooth@1.1-wake_lock: [wake_lock.cpp:149] Release wake lock not initialized/acquired
02-15 14:03:40.979  1879  2102 W libc    : Access denied finding property "vendor.qemu.sf.fake_camera"
02-15 14:03:40.979  1879  2102 I OplusCameraManagerGlobal: setClientInfo, packageName: com.idamob.tinkoff.android, uid: 10328, pid: 1879
02-15 14:03:40.981  1879  2102 I OplusCameraManagerGlobal: setClientInfo, packageName: com.idamob.tinkoff.android, uid: 10328, pid: 1879
02-15 14:03:40.986  1879  2102 I OplusCameraManagerGlobal: setClientInfo, packageName: com.idamob.tinkoff.android, uid: 10328, pid: 1879
02-15 14:03:40.990  1879  2102 I OplusCameraManagerGlobal: setClientInfo, packageName: com.idamob.tinkoff.android, uid: 10328, pid: 1879
02-15 14:03:40.995  1879  2102 I OplusCameraManagerGlobal: setClientInfo, packageName: com.idamob.tinkoff.android, uid: 10328, pid: 1879
02-15 14:03:40.998  1879  2102 I OplusCameraManagerGlobal: setClientInfo, packageName: com.idamob.tinkoff.android, uid: 10328, pid: 1879
02-15 14:03:41.002  1879  2102 I OplusCameraManagerGlobal: setClientInfo, packageName: com.idamob.tinkoff.android, uid: 10328, pid: 1879
02-15 14:03:41.005  1879  2102 I OplusCameraManagerGlobal: setClientInfo, packageName: com.idamob.tinkoff.android, uid: 10328, pid: 1879
02-15 14:03:41.008  1879  2102 I OplusCameraManagerGlobal: setClientInfo, packageName: com.idamob.tinkoff.android, uid: 10328, pid: 1879
02-15 14:03:41.013  1879  2102 I OplusCameraManagerGlobal: setClientInfo, packageName: com.idamob.tinkoff.android, uid: 10328, pid: 1879
02-15 14:03:41.019  1879  2102 I OplusCameraManagerGlobal: setClientInfo, packageName: com.idamob.tinkoff.android, uid: 10328, pid: 1879
02-15 14:03:41.023  1879  2102 I OplusCameraManagerGlobal: setClientInfo, packageName: com.idamob.tinkoff.android, uid: 10328, pid: 1879
02-15 14:03:41.029  1879  2102 I OplusCameraManagerGlobal: setClientInfo, packageName: com.idamob.tinkoff.android, uid: 10328, pid: 1879
02-15 14:03:41.034  1879  2102 I OplusCameraManagerGlobal: setClientInfo, packageName: com.idamob.tinkoff.android, uid: 10328, pid: 1879
02-15 14:03:41.038  1879  2102 I OplusCameraManagerGlobal: setClientInfo, packageName: com.idamob.tinkoff.android, uid: 10328, pid: 1879
02-15 14:03:41.042  1879  2102 I OplusCameraManagerGlobal: setClientInfo, packageName: com.idamob.tinkoff.android, uid: 10328, pid: 1879
02-15 14:03:41.046  1879  2102 I OplusCameraManagerGlobal: setClientInfo, packageName: com.idamob.tinkoff.android, uid: 10328, pid: 1879
02-15 14:03:41.130  4914 10506 D CommonApp-115-10768: transport layer data is invalid
02-15 14:03:41.134  4914 10506 D CommonApp-116-10768: transport layer data is invalid
02-15 14:03:41.135  4914 10506 D CommonApp-113-10768: transport layer data is invalid
02-15 14:03:41.135  4914 10506 D ScorePolicy: handleScoreChanged: []
02-15 14:03:41.135  4914 10506 D ScorePolicy: handleScoreChanged: []
02-15 14:03:41.135  4914 10506 D ScorePolicy: handleScoreChanged: []
02-15 14:03:41.318  3260  3260 I ServiceConnector.Impl: unbindJobThread: connection = ServiceConnector@889(Intent { act=android.service.autofill.AutofillService xflg=0x4 cmp=ru.yandex.searchplugin/com.yandex.browser.autofill.service.ExternalAutofillService mCallingUid=1000 }, user: 0)[Unbinding...]service = android.service.autofill.IAutoFillService$Stub$Proxy@858acb9 mBinding = false
02-15 14:03:41.353  3001  3476 D QmiClient: qmiServiceEventCallback recv msg id 1099
02-15 14:03:41.353  3001  3476 D QmiClient: enter -mServiceType 4 onQmiServiceEventCallback msgId 1099
02-15 14:03:41.353  3001  3476 D QmiClient: onQmiServiceEventCallback - enter. msgId=1099
02-15 14:03:41.353  3001  3476 D QmiVsClientEvent: QosPeriodReportInd MSG IND data_len 2052
02-15 14:03:41.353  3001  3476 D QmiVsClientEvent: qmiVsClientNotifyQosPeriodReportIndEvent - RADIO_EVENT_QOS_PERIOD_REPORT_NOTIFY_IND
02-15 14:03:41.353  3001  3022 D VsProxy : handleMessage msg is 2420
02-15 14:03:41.354  3001  3022 D VsProxy : handleQosPeriodReportInd for instance 1 data_len 144
02-15 14:03:41.355  4914  6556 D SubsysRadioIndication[1]: radioQosPeriodReportInd result [8, -24, -23, -128, -128, 13, 34, 8, 8, -22, -88, -6, -1, 12, 32, 1, 58, 61, 8, -24, -33, -128, -128, 13, 16, 4, 24, -2, -76, 2, 32, -14, 1, 40, -84, -1, -1, -1, -1, -1, -1, -1, -1, 1, 48, -20, -1, -1, -1, -1, -1, -1, -1, -1, 1, 56, 7, 64, -84, -1, -1, -1, -1, -1, -1, -1, -1, 1, 72, -88, -1, -1, -1, -1, -1, -1, -1, -1, 1, 66, 26, 8, -3, -83, -128, -128, 13, 16, 4, 34, 16, 8, -2, -76, 2, 16, -14, 1, 24, 40, 32, 6, 40, -92, -74, -123, 95, 90, 0, 98, 10, 8, -3, -86, -128, -128, 13, 16, 3, 24, 4, 122, 21, 8, -5, -33, -70, -1, 12, 16, -80, -1, -1, -1, 15, 24, -66, 1, 32, -1, -1, -1, -1, 15]
02-15 14:03:41.355  4914  4914 D NetworkService[1]: handleMessage what:1005
02-15 14:03:41.356  4914  4914 D RadioAtomTracker: parseQosPeriodData ModemQos error:Attempt to invoke virtual method 'int java.lang.Integer.intValue()' on a null object reference
02-15 14:03:41.356  4914  4914 D NetworkService[1]: EVENT_REG_QOS_PERIOD_REPORT_IND_CHANGED ENTER
02-15 14:03:41.358 10582 23461 I cr_BindingManager: onTrimMemory: level=40, size=0
02-15 14:03:41.519 32740   945 W RealtimeClientManager: Channel state: MqttChannelState{mConnectionState=CONNECTING, mDisconnectionReason=null, mLastConnectionMs=133108266, mLastDisconnectMs=136051687}
02-15 14:03:41.526  4781  5322 D DnsDomainBlock: onDnsEvent: latencyMs=0, returnCode=4, uid=10639
02-15 14:03:41.541  3260  3929 D WifiStaIfaceHidlImpl: getCachedScanData is not implemented by HIDL
02-15 14:03:41.547  3260  4055 D ScorerUtils: isLowTraffic: txTputKBps=1, rxTputKBps=7
02-15 14:03:41.549  4914  4914 D VendorWifiService: onEvent event:9,action:1
02-15 14:03:41.555  3260  3367 D OplusMotionDetector: mRunningStats = previousVector = timeMillisSinceBoot=136082672 | x=-0.3152544, y=9.12144, z=3.807579, energy=5.725685E-5, mCurrentVector = timeMillisSinceBoot=136082711 | x=-0.31046873, y=9.114262, z=3.8147576, energy=1.259621E-4, mSampleCount = 1185, mEnergy = 0.009492986
02-15 14:03:41.555  3260  3367 D OplusMotionDetector: mCurrentGravityVector = timeMillisSinceBoot=136080234 | x=-0.31807205, y=9.121371, z=3.815723, energy=0.0
02-15 14:03:41.555  3260  3367 D OplusMotionDetector: mPreviousGravityVector = timeMillisSinceBoot=136079235 | x=-0.31830356, y=9.12056, z=3.8161087, energy=0.0
02-15 14:03:41.555  3260  3367 D OplusMotionDetector: getStationaryStatus: angle = 0,004139 mEnergy = 0,009493
02-15 14:03:41.606  1863  1915 D BatteryChargeControl: bcc get no support from charging protocol
