02-15 14:03:36.696  3260  4052 D KEYLOG_PhoneWindowManagerExtImpl: overrideInterceptKeyBeforeQueueing:KeyEvent { action=ACTION_DOWN, keyCode=KEYCODE_ENTER, scanCode=0, metaState=0, flags=0x0, repeatCount=0, eventTime=69121835000000, downTime=69121835000000, deviceId=-1, source=0x0, displayId=-1 },  keyguardOn = false,  screenOn = true,  policyFlags = 721420288,  SosPowerKeyEnabled = true,  WalletSwitchState = 2,  IsQuickLaunchSupport = false,  IsDoubleCheckAppSupport = false,  isQuickAppOn=false,  canceled = false
02-15 14:03:36.696  3260  4052 I KEYLOG_OplusKeyEventUtil: should not notify undefined keys in restrict listen mode
02-15 14:03:36.696  3260  4052 I OplusJoystickManager: read game pad state for game manager -> false
02-15 14:03:36.696  3260  4052 W OplusJoystickManager: mInterceptGamepadKey is false
02-15 14:03:36.696  3260  4052 D OplusCustomizeRestrictionManagerService: isLongPressVolumeUpDisabled start
02-15 14:03:36.696  3260  4052 I STKeyLog_StrategyDisableBottomKey: onBeforeQueueing : mIsUpGestureMode=false,mDisableBottomKeyMode0
02-15 14:03:36.696  3260  4052 D STKeyLog_StrategyBlackscreenshot: notifyKeyBeforeQueueing, downTime69121835, action=0, interactive=true
02-15 14:03:36.696  3260  4052 D KEYLOG_PhoneWindowManager: interceptKeyBeforeQueueing downTime=69121835 action = 0 interactive=true keyguardActive=false policyFlags=2b000000 isInjected=true isWakeKey=false isKeyGestureTriggered=false
02-15 14:03:36.697  3260  3877 D KEYLOG_KeyGestureControllerExtlmpl: interceptOldShortcuts, mIsShortCutMenuShow = false mPendingMetaActionForOld = false mLongPressHandled = false
02-15 14:03:36.697  3260  3415 D PowerManagerService: userActivityNoUpdateLocked: groupId=0, eventTime=69121835, event=button, flags=0x0, uid=1000
02-15 14:03:36.698  3260  3877 D STKeyLog_StrategyPadKeyBoardShortcut: excuteShortCut, interactive = true
02-15 14:03:36.698  3260  3877 D OplusCustomizeRestrictionManagerService: isLongPressVolumeUpDisabled start
02-15 14:03:36.700  6087  6087 E IJankManager: slideSceneEnd unknown scene 1000 mScene:-1
02-15 14:03:36.702  3260  4052 D KEYLOG_KeyCombinationManager: down false downTime 69121835 action 1 count 0 isDefaultDisplayInteractive true eventTime 69121841 mDownTimes: {66=69121835}
02-15 14:03:36.702  3260  4052 D KEYLOG_PhoneWindowManagerExtImpl: overrideInterceptKeyBeforeQueueing:KeyEvent { action=ACTION_UP, keyCode=KEYCODE_ENTER, scanCode=0, metaState=0, flags=0x0, repeatCount=0, eventTime=69121841000000, downTime=69121835000000, deviceId=-1, source=0x0, displayId=-1 },  keyguardOn = false,  screenOn = true,  policyFlags = 721420288,  SosPowerKeyEnabled = true,  WalletSwitchState = 2,  IsQuickLaunchSupport = false,  IsDoubleCheckAppSupport = false,  isQuickAppOn=false,  canceled = false
02-15 14:03:36.702  3260  4052 I KEYLOG_OplusKeyEventUtil: should not notify undefined keys in restrict listen mode
02-15 14:03:36.702  3260  4052 I OplusJoystickManager: read game pad state for game manager -> false
02-15 14:03:36.702  3260  4052 W OplusJoystickManager: mInterceptGamepadKey is false
02-15 14:03:36.702  3260  4052 D OplusCustomizeRestrictionManagerService: isLongPressVolumeUpDisabled start
02-15 14:03:36.702  3260  4052 I STKeyLog_StrategyDisableBottomKey: onBeforeQueueing : mIsUpGestureMode=false,mDisableBottomKeyMode0
02-15 14:03:36.703  3260  4052 D STKeyLog_StrategyBlackscreenshot: notifyKeyBeforeQueueing, downTime69121835, action=1, interactive=true
02-15 14:03:36.703  3260  4052 D KEYLOG_PhoneWindowManager: interceptKeyBeforeQueueing downTime=69121835 action = 1 interactive=true keyguardActive=false policyFlags=2b000000 isInjected=true isWakeKey=false isKeyGestureTriggered=false
02-15 14:03:36.703  3260  3877 D STKeyLog_StrategyPadKeyBoardShortcut: excuteShortCut, interactive = true
02-15 14:03:36.703  3260  3877 D OplusCustomizeRestrictionManagerService: isLongPressVolumeUpDisabled start
02-15 14:03:36.754  1666  7101 E vendor.qti.bluetooth@1.1-wake_lock: [wake_lock.cpp:149] Release wake lock not initialized/acquired
02-15 14:03:36.759  3260  3372 D SurfaceAnimationRunner: onAnimationEnd:Surface(name=Surface(name=bfb2f58 Autofill UI)/@0xd4dc882 - animation-leash of window_animation)/@0x8017a0b
02-15 14:03:36.760  3260  3371 I WindowStateExtImpl: onSurfaceShowChange show = false mPackageName = android parentPkgName = com.willpower.tracker.lab7
02-15 14:03:36.761  3260  3371 I WindowManager: Window{bfb2f58 u0 Autofill UI EXITING} state from HAS_DRAWN to NO_SURFACE; reason: destroySurface
02-15 14:03:36.765  3260  3379 W UserAwareMgr: event can not be released, id: 5005, count: 2, releasePid: 3260
02-15 14:03:36.765  3260  3379 W UserAwareMgr: event can not be released, id: 5006, count: 2, releasePid: 3260
02-15 14:03:36.842 25272 19504 I VkpnsPushProvider:CheckServiceAlive: Service PushService is active
02-15 14:03:37.034  4914 10506 D CommonApp-115-10768: transport layer data is invalid
02-15 14:03:37.035  4914 10506 D CommonApp-116-10768: transport layer data is invalid
02-15 14:03:37.035  4914 10506 D CommonApp-113-10768: transport layer data is invalid
02-15 14:03:37.035  4914 10506 D ScorePolicy: handleScoreChanged: []
02-15 14:03:37.035  4914 10506 D ScorePolicy: handleScoreChanged: []
02-15 14:03:37.036  4914 10506 D ScorePolicy: handleScoreChanged: []
02-15 14:03:37.038  4781  5322 D DnsDomainBlock: onDnsEvent: latencyMs=0, returnCode=4, uid=10373
02-15 14:03:37.183 23669 23669 D ClockTag_ClockWidget.ClockWidgetWeatherService: stop refresh service self
02-15 14:03:37.191 23669 23669 D ClockTag_ClockWidget.ClockWidgetWeatherService: ClockWidgetWeatherService onDestroy
02-15 14:03:37.202 23669 23669 D ClockTag_AlarmClockApplication: onTrimMemory: 40
02-15 14:03:37.236  3001  3476 D QmiClient: qmiServiceEventCallback recv msg id 1099
02-15 14:03:37.236  3001  3476 D QmiClient: enter -mServiceType 4 onQmiServiceEventCallback msgId 1099
02-15 14:03:37.236  3001  3476 D QmiClient: onQmiServiceEventCallback - enter. msgId=1099
02-15 14:03:37.236  3001  3476 D QmiVsClientEvent: QosPeriodReportInd MSG IND data_len 2052
02-15 14:03:37.236  3001  3476 D QmiVsClientEvent: qmiVsClientNotifyQosPeriodReportIndEvent - RADIO_EVENT_QOS_PERIOD_REPORT_NOTIFY_IND
02-15 14:03:37.237  3001  3022 D VsProxy : handleMessage msg is 2420
02-15 14:03:37.237  3001  3022 D VsProxy : handleQosPeriodReportInd for instance 1 data_len 154
02-15 14:03:37.238  4914  6556 D SubsysRadioIndication[1]: radioQosPeriodReportInd result [8, -45, -55, -128, -128, 13, 26, 8, 8, -23, -63, -128, -128, 13, 72, 1, 34, 8, 8, -22, -88, -6, -1, 12, 32, 1, 58, 61, 8, -24, -63, -128, -128, 13, 16, 4, 24, -2, -76, 2, 32, -14, 1, 40, -84, -1, -1, -1, -1, -1, -1, -1, -1, 1, 48, -18, -1, -1, -1, -1, -1, -1, -1, -1, 1, 56, 6, 64, -84, -1, -1, -1, -1, -1, -1, -1, -1, 1, 72, -89, -1, -1, -1, -1, -1, -1, -1, -1, 1, 66, 26, 8, -3, -83, -128, -128, 13, 16, 4, 34, 16, 8, -2, -76, 2, 16, -14, 1, 24, 40, 32, 6, 40, -92, -74, -123, 95, 90, 0, 98, 10, 8, -3, -86, -128, -128, 13, 16, 3, 24, 4, 122, 21, 8, -5, -33, -70, -1, 12, 16, -80, -1, -1, -1, 15, 24, -66, 1, 32, -1, -1, -1, -1, 15]
02-15 14:03:37.238  4914  4914 D NetworkService[1]: handleMessage what:1005
02-15 14:03:37.239  4914  4914 D RadioAtomTracker: parseQosPeriodData ModemQos error:Attempt to invoke virtual method 'int java.lang.Integer.intValue()' on a null object reference
02-15 14:03:37.239  4914  4914 D NetworkService[1]: EVENT_REG_QOS_PERIOD_REPORT_IND_CHANGED ENTER
02-15 14:03:37.335 10488 10488 D LocationManagerExtImpl: handleMessage: remove location cache
02-15 14:03:37.502  3260  3929 D WifiStaIfaceHidlImpl: getCachedScanData is not implemented by HIDL
02-15 14:03:37.508  3260  4055 D ScorerUtils: isLowTraffic: txTputKBps=0, rxTputKBps=0
02-15 14:03:37.510  4914  4914 D VendorWifiService: onEvent event:9,action:1
02-15 14:03:37.551  3260  3367 D OplusMotionDetector: mRunningStats = previousVector = timeMillisSinceBoot=136078676 | x=-0.32004002, y=9.133404, z=3.8195431, energy=9.733097E-5, mCurrentVector = timeMillisSinceBoot=136078716 | x=-0.3272185, y=9.119047, z=3.8147576, energy=2.8054437E-4, mSampleCount = 1085, mEnergy = 0.0098422
02-15 14:03:37.551  3260  3367 D OplusMotionDetector: mCurrentGravityVector = timeMillisSinceBoot=136076239 | x=-0.3193456, y=9.121253, z=3.8170347, energy=0.0
02-15 14:03:37.551  3260  3367 D OplusMotionDetector: mPreviousGravityVector = timeMillisSinceBoot=136075240 | x=-0.31841922, y=9.119905, z=3.8168032, energy=0.0
02-15 14:03:37.551  3260  3367 D OplusMotionDetector: getStationaryStatus: angle = 0,005413 mEnergy = 0,009842
02-15 14:03:37.564  6087  6150 D OplusScrollToTopManager: com.willpower.tracker.lab7/com.willpower.tracker.MainActivity,This com.android.internal.policy.DecorView{1c429bf V.E...... R....... 0,0-1080,2412 aid=0 alpha=1.0 viewInfo = }[MainActivity] change focus to true
02-15 14:03:37.592  1863  1915 D BatteryChargeControl: bcc get no support from charging protocol
02-15 14:03:37.777 32740   881 W LibevQuicAsyncUDPSocket.h: setTosOrTrafficClass not implemented in LibevQuicAsyncUDPSocket
02-15 14:03:37.784  4781  5322 D DnsDomainBlock: onDnsEvent: latencyMs=0, returnCode=4, uid=10639
02-15 14:03:37.785 32740   881 E MvfstCallbacks.cpp: onConnectionSetupError: error=TransportError: Internal Error, Error on socket write Operation not permitted, 
02-15 14:03:37.993  3260  4090 D OplusNetKit: in getLpByInterface name from LP: [tun1]
02-15 14:03:37.993  3260  4090 D OplusNetKit: in getLpByInterface name from LP: [wlan0]
02-15 14:03:38.034  3260  4052 I WifiService: startScan uid=10317
02-15 14:03:38.036  3260  4052 W WifiService: Permission violation - startScan not allowed for uid=10317, packageName=ru.yandex.taxi, reason=java.lang.SecurityException: UID 10317 has no location permission
02-15 14:03:38.039  3260  4090 D OplusNetRttKit: getIcmpEchoRtt addr:192.168.31.*** avgRtt: 11
02-15 14:03:38.043  4753  9954 I LocationAccessPolicy: ru.yandex.taxi is aware of fine but the app-ops permission is specifically denied.
02-15 14:03:38.057  4914 10506 D CommonApp-115-10768: transport layer data is invalid
02-15 14:03:38.058  4914 10506 D CommonApp-116-10768: transport layer data is invalid
02-15 14:03:38.058  4914 10506 D CommonApp-113-10768: transport layer data is invalid
02-15 14:03:38.059  4914 10506 D ScorePolicy: handleScoreChanged: []
02-15 14:03:38.059  4914 10506 D ScorePolicy: handleScoreChanged: []
02-15 14:03:38.059  4914 10506 D ScorePolicy: handleScoreChanged: []
02-15 14:03:38.072  4781  5322 D DnsDomainBlock: onDnsEvent: latencyMs=2, returnCode=7, uid=10317
02-15 14:03:38.077  3260  3936 D InetDiagMessage: Destroyed 0 sockets, proto=IPPROTO_TCP, family=AF_INET, states=14
02-15 14:03:38.080  3260  3936 D InetDiagMessage: Destroyed 0 sockets, proto=IPPROTO_TCP, family=AF_INET6, states=14
02-15 14:03:38.081  3260  3936 D InetDiagMessage: Destroyed live tcp sockets for uids={10317} in 7ms
02-15 14:03:38.083  3260  3936 D InetDiagMessage: Destroyed 0 sockets, proto=IPPROTO_TCP, family=AF_INET, states=14
02-15 14:03:38.085  3260  3936 D InetDiagMessage: Destroyed 0 sockets, proto=IPPROTO_TCP, family=AF_INET6, states=14
02-15 14:03:38.085  3260  3936 D InetDiagMessage: Destroyed live tcp sockets for uids={20317} in 4ms
02-15 14:03:38.175  6589  6628 E CursorWindow: Failed alloc newOffset: 2023888mAllocOffset: 2020456mSlotsOffset: 2022272: No such file or directory
02-15 14:03:38.175  6589  6628 E CursorWindow: Failed NO_MEMORY: No such file or directory
02-15 14:03:38.216  4781  5322 D DnsDomainBlock: onDnsEvent: latencyMs=0, returnCode=4, uid=10317
02-15 14:03:38.223  1686 11289 I WifiHAL : event received NL80211_CMD_VENDOR, vendor_id = 0x1374, subcmd = 0xd
02-15 14:03:38.224  2770  2770 I cnss-daemon: nl80211 response handler invoked
02-15 14:03:38.224  2770  2770 I cnss-daemon: nl80211_response_handler: cmd 103, vendorID 4980, subcmd 13  received
02-15 14:03:38.329  1666  7777 I vendor.qti.bluetooth@1.1-ibs_handler: [ibs_handler.cpp:827] ProcessIbsCmd: Received IBS_WAKE_IND: 0xFD
02-15 14:03:38.329  1666  7777 D vendor.qti.bluetooth@1.1-ibs_handler: [ibs_handler.cpp:408] SerialClockVote: vote for UART CLK ON
02-15 14:03:38.330  1666  7777 E vendor.qti.bluetooth@1.1-wake_lock: [wake_lock.cpp:135] Acquire write to wakelock file failed -1 - Operation not permitted
02-15 14:03:38.330  1666  7777 I vendor.qti.bluetooth@1.1-ibs_handler: [ibs_handler.cpp:844] ProcessIbsCmd: Writing IBS_WAKE_ACK
02-15 14:03:38.371  1666  7777 I vendor.qti.bluetooth@1.1-ibs_handler: [ibs_handler.cpp:874] ProcessIbsCmd: Received IBS_SLEEP_IND: 0xFE
02-15 14:03:38.371  1666  7777 D vendor.qti.bluetooth@1.1-ibs_handler: [ibs_handler.cpp:427] SerialClockVote: vote for UART CLK OFF
02-15 14:03:38.463 25272 19504 D VkpnsPushProvider:NotifierConnection: Can send message to web socket: true
02-15 14:03:38.471  3260  4052 D UsageStatsService: User[0] type=0 b=1771153414062 e=1771153418469 cb=1771103758699 ce=1771153416355 disk=0 all=0
02-15 14:03:38.504 25272 19504 D VkpnsPushProvider:Notifier: Parse request response: 3256
02-15 14:03:38.522  1666  7101 E vendor.qti.bluetooth@1.1-wake_lock: [wake_lock.cpp:149] Release wake lock not initialized/acquired
02-15 14:03:38.552  3260  3367 W OPLUS_LOG_LOAD: ==LOGS PROG INFO, prog(system_server) ==
02-15 14:03:38.552  3260  3367 D OplusMotionDetector: mRunningStats = previousVector = timeMillisSinceBoot=136079675 | x=-0.32482567, y=9.123833, z=3.8195431, energy=2.8626713E-5, mCurrentVector = timeMillisSinceBoot=136079715 | x=-0.31286156, y=9.116654, z=3.8195431, energy=1.9466807E-4, mSampleCount = 1110, mEnergy = 0.010643772
02-15 14:03:38.552  3260  3367 D OplusMotionDetector: mCurrentGravityVector = timeMillisSinceBoot=136077239 | x=-0.31899825, y=9.120365, z=3.8169193, energy=0.0
02-15 14:03:38.552  3260  3367 D OplusMotionDetector: mPreviousGravityVector = timeMillisSinceBoot=136076239 | x=-0.3193456, y=9.121253, z=3.8170347, energy=0.0
02-15 14:03:38.552  3260  3367 D OplusMotionDetector: getStationaryStatus: angle = 0,002300 mEnergy = 0,010644
02-15 14:03:38.596  1863  1915 D BatteryChargeControl: bcc get no support from charging protocol
02-15 14:03:38.643  3260  3854 V AlarmManager: sending alarm Alarm{7af9bf4 type 1 origWhen 1771153418642 whenElapsed 136079818 android} uid 1000 whenElapsed 136079818 windowLength 0 maxWhenElapsed 136079818 repeatInterval 0 action null component null tag StorgaeBandInfoAlarmTag flags 0x9 procName system_server
02-15 14:03:38.645  3260 29271 E OplusStorageUFSBandwidth: storage_io_metrics_path is /proc/oplus_storage/io_metrics/forever/
02-15 14:03:38.647  3260 29271 E OplusStorageUFSBandwidth: Bandwidth - Read: 0,00 MB/s, Write: 1,00 MB/s
02-15 14:03:38.647  3260 29271 E OplusStorageUFSBandwidth: Task time: 2ms
02-15 14:03:38.651  3260 29271 E OplusStorageUFSBandwidth: Alarm set to trigger in 10 seconds
02-15 14:03:38.793  3001  3476 D QmiClient: qmiServiceEventCallback recv msg id 1099
02-15 14:03:38.793  3001  3476 D QmiClient: enter -mServiceType 4 onQmiServiceEventCallback msgId 1099
02-15 14:03:38.793  3001  3476 D QmiClient: onQmiServiceEventCallback - enter. msgId=1099
02-15 14:03:38.793  3001  3476 D QmiVsClientEvent: QosPeriodReportInd MSG IND data_len 2052
02-15 14:03:38.793  3001  3476 D QmiVsClientEvent: qmiVsClientNotifyQosPeriodReportIndEvent - RADIO_EVENT_QOS_PERIOD_REPORT_NOTIFY_IND
02-15 14:03:38.793  3001  3022 D VsProxy : handleMessage msg is 2420
02-15 14:03:38.794  3001  3022 D VsProxy : handleQosPeriodReportInd for instance 1 data_len 154
02-15 14:03:38.794  4914  6556 D SubsysRadioIndication[1]: radioQosPeriodReportInd result [8, -24, -43, -128, -128, 13, 26, 8, 8, -45, -55, -128, -128, 13, 72, 1, 34, 8, 8, -22, -88, -6, -1, 12, 32, 1, 58, 61, 8, -24, -53, -128, -128, 13, 16, 4, 24, -2, -76, 2, 32, -14, 1, 40, -85, -1, -1, -1, -1, -1, -1, -1, -1, 1, 48, -16, -1, -1, -1, -1, -1, -1, -1, -1, 1, 56, 6, 64, -85, -1, -1, -1, -1, -1, -1, -1, -1, 1, 72, -89, -1, -1, -1, -1, -1, -1, -1, -1, 1, 66, 26, 8, -3, -83, -128, -128, 13, 16, 4, 34, 16, 8, -2, -76, 2, 16, -14, 1, 24, 40, 32, 6, 40, -92, -74, -123, 95, 90, 0, 98, 10, 8, -3, -86, -128, -128, 13, 16, 3, 24, 4, 122, 21, 8, -5, -33, -70, -1, 12, 16, -80, -1, -1, -1, 15, 24, -66, 1, 32, -1, -1, -1, -1, 15]
02-15 14:03:38.795  4914  4914 D NetworkService[1]: handleMessage what:1005
02-15 14:03:38.796  4914  4914 D RadioAtomTracker: parseQosPeriodData ModemQos error:Attempt to invoke virtual method 'int java.lang.Integer.intValue()' on a null object reference
02-15 14:03:38.796  4914  4914 D NetworkService[1]: EVENT_REG_QOS_PERIOD_REPORT_IND_CHANGED ENTER
02-15 14:03:38.806  4753  4753 D OplusTelephonyController: onSignalStrengthChanged: SignalStrength=SignalStrength:{mCdma=CellSignalStrengthCdma: cdmaDbm=2147483647 cdmaEcio=2147483647 evdoDbm=2147483647 evdoEcio=2147483647 evdoSnr=2147483647 level=0,mGsm=CellSignalStrengthGsm: rssi=2147483647 ber=2147483647 mTa=2147483647 mLevel=0,mWcdma=CellSignalStrengthWcdma: ss=2147483647 ber=2147483647 rscp=2147483647 ecno=2147483647 level=0,mTdscdma=CellSignalStrengthTdscdma: rssi=2147483647 ber=2147483647 rscp=2147483647 level=0,mLte=CellSignalStrengthLte: rssi=-51 rsrp=-85 rsrq=-20 rssnr=-1 cqiTableIndex=2147483647 cqi=2147483647 ta=2147483647 level=4 parametersUseForLevel=0,mNr=CellSignalStrengthNr:{ csiRsrp = 2147483647 csiRsrq = 2147483647 csiCqiTableIndex = 2147483647 csiCqiReport = [] ssRsrp = 2147483647 ssRsrq = 2147483647 ssSinr = 2147483647 level = 0 parametersUseForLevel = 0 timingAdvance = 2147483647 },primary=CellSignalStrengthLte}
02-15 14:03:38.807  4914  4914 D SubsysEventListenerManager-SubsysTelephonyCallback[1]: onSignalStrengthsChanged
02-15 14:03:38.808  4567  4567 D Tile.OplusCellularTile: refreshState: tile not listening, ignore
02-15 14:03:38.809  4567  4697 I SystemUi--Statusbar: MobileConnectionRepositoryImpl-->subId:3 isSoftSimCard:false slotId:1
02-15 14:03:38.981  1863  1913 D vendor.oplus.hardware.charger-V9-service: ret_value:107, read content:,315,331,3754,3750,55,500,1100,22,23,1,4,450,4628,22,1,0,1,1,0,0,4420,0,7,0,7,0,0,0,312,0,1,1,0,0,0,13,0,0
02-15 14:03:38.981  1863  1913 D vendor.oplus.hardware.charger-V9-service: gmtime: 2026-02-15-14-03-38
02-15 14:03:38.982  1863  1913 D vendor.oplus.hardware.charger-V9-service: usb_online:1, ac_online:0, wireless_online:-2147483646
02-15 14:03:39.027  3260  3893 I ImeTracker: system_server:ae2e0cbc: setFinished at PHASE_WM_GET_CONTROL_WITH_LEASH with STATUS_TIMEOUT
02-15 14:03:39.082  4914 10506 D CommonApp-115-10768: transport layer data is invalid
02-15 14:03:39.083  4914 10506 D CommonApp-116-10768: transport layer data is invalid
02-15 14:03:39.083  4914 10506 D CommonApp-113-10768: transport layer data is invalid
02-15 14:03:39.083  4914 10506 D ScorePolicy: handleScoreChanged: []
02-15 14:03:39.083  4914 10506 D ScorePolicy: handleScoreChanged: []
02-15 14:03:39.083  4914 10506 D ScorePolicy: handleScoreChanged: []
02-15 14:03:39.452  1666  7777 I vendor.qti.bluetooth@1.1-ibs_handler: [ibs_handler.cpp:827] ProcessIbsCmd: Received IBS_WAKE_IND: 0xFD
02-15 14:03:39.452  1666  7777 D vendor.qti.bluetooth@1.1-ibs_handler: [ibs_handler.cpp:408] SerialClockVote: vote for UART CLK ON
02-15 14:03:39.453  1666  7777 E vendor.qti.bluetooth@1.1-wake_lock: [wake_lock.cpp:135] Acquire write to wakelock file failed -1 - Operation not permitted
02-15 14:03:39.453  1666  7777 I vendor.qti.bluetooth@1.1-ibs_handler: [ibs_handler.cpp:844] ProcessIbsCmd: Writing IBS_WAKE_ACK
02-15 14:03:39.455  5947  6934 I bluetooth: [btif_bqr.cc:1267] vendor_specific_event_callback: Unhandled BQR subevent 0x01
02-15 14:03:39.456  5947  6934 D bluetooth: [btif_bqr.cc:752] CategorizeBqrEvent: length: 55 quality_report_id: 0x01
02-15 14:03:39.456  5947  6934 D btm_acl : [btm_acl.cc:376] btm_bda_to_acl: bda=xx:xx:xx:xx:b5:d3 transport=1 not found in acl_db
02-15 14:03:39.456  5947  7850 I BluetoothInCallService: BluetoothInCallService = com.android.bluetooth.telephony.BluetoothInCallService@d496b5f
02-15 14:03:39.456  5947  6934 I bluetooth: [btif_bqr.cc:1204] bqr_delivery_event: len: 55, bqr_id: 1, addr: xx:xx:xx:xx:b5:d3, lmp_ver: 9, manufacturer_id: 2476, lmp_subver: 809
02-15 14:03:39.456  5947  7850 I BluetoothQualityReportJni: [com_android_bluetooth_BluetoothQualityReport.cpp:48] bqr_delivery_callback: 
02-15 14:03:39.457  5947  7850 I BluetoothQualityReportNativeInterface: rawData Length = 85
02-15 14:03:39.461  5947  7850 I BluetoothQualityReportNativeInterface: BQR: {
02-15 14:03:39.461  5947  7850 I BluetoothQualityReportNativeInterface:   mAddr: XX:XX:XX:XX:B5:D3, mLmpVer: 0x09, mLmpSubVer: 0x0329, mManufacturerId: 0x09AC, mName: HUAWEI WATCH FIT-5D3, mBluetoothClass: 0,
02-15 14:03:39.461  5947  7850 I BluetoothQualityReportNativeInterface:   BqrCommon: {
02-15 14:03:39.461  5947  7850 I BluetoothQualityReportNativeInterface:     mQualityReportId: Quality monitor(0x01), mPacketType: INVALID(0x00), mConnectionHandle: 0x0005, mConnectionRole: 0(0), mTxPowerLevel: 7, mRssi: -60, mSnr: 0, mUnusedAfhChannelCount: 28,
02-15 14:03:39.461  5947  7850 I BluetoothQualityReportNativeInterface:     mAfhSelectUnidealChannelCount: 0, mLsto: 8000, mPiconetClock: 0x09F36443, mRetransmissionCount: 0, mNoRxCount: 0, mNakCount: 0, mLastTxAckTimestamp: 0x00000000, mFlowOffCount: 0,
02-15 14:03:39.461  5947  7850 I BluetoothQualityReportNativeInterface:     mLastFlowOnTimestamp: 0x00000000, mOverflowCount: 0, mUnderflowCount: 0, mAddr: XX:XX:XX:XX:00:00, mCalFailedItemCount: 0,
02-15 14:03:39.461  5947  7850 I BluetoothQualityReportNativeInterface:     mTxTotalPackets: 0, mTxUnackPackets: 0, mTxFlushPackets: 0, mTxLastSubeventPackets: 0, mCrcErrorPackets: 0, mRxDupPackets: 3539992576, mRxUnRecvPackets: 938949045, mCoexInfoMask: 148
02-15 14:03:39.461  5947  7850 I BluetoothQualityReportNativeInterface:   }
02-15 14:03:39.461  5947  7850 I BluetoothQualityReportNativeInterface: }
02-15 14:03:39.461  5947  5947 I oplus_bt_dual_sync: [oplus_bt_dual_sync.cc:151] stack_down_sync_action: type=18, len=17
02-15 14:03:39.461  5947  5947 I oplus_bt_qos_monitor: [oplus_bt_qos_monitor.cc:118] get_oplus_qos_data: getting qos data
02-15 14:03:39.492  4567  4667 I SystemUi--Statusbar: OplusNetworkSpeedControllExImpl-->updateNetworkSpeed: isConnected:true,isSwitchOn:true,isSuspend:false,isPause:false
02-15 14:03:39.494  1666  7777 I vendor.qti.bluetooth@1.1-ibs_handler: [ibs_handler.cpp:874] ProcessIbsCmd: Received IBS_SLEEP_IND: 0xFE
02-15 14:03:39.495  1666  7777 D vendor.qti.bluetooth@1.1-ibs_handler: [ibs_handler.cpp:427] SerialClockVote: vote for UART CLK OFF
02-15 14:03:39.496  4567  4667 I SystemUi--Statusbar: OplusNetworkSpeedControllExImpl-->getTotalByte: totalRxBytes:8457309146,totalTxBytes:485007640,loopbackTxBytes:192988,loopbackRxBytes:191788 ,totalBytes:8941932010
02-15 14:03:39.523  3260  3929 D WifiStaIfaceHidlImpl: getCachedScanData is not implemented by HIDL
02-15 14:03:39.529  4914  4914 D VendorWifiService: onEvent event:9,action:1
02-15 14:03:39.533  3260  4055 D ScorerUtils: isLowTraffic: txTputKBps=2, rxTputKBps=0
02-15 14:03:39.533  3260  4055 D OplusWifiPower_TriggerCenter: mComponentCallback: wifistat
02-15 14:03:39.553  3260  3367 D OplusMotionDetector: mRunningStats = previousVector = timeMillisSinceBoot=136080674 | x=-0.32004002, y=9.126225, z=3.8147576, energy=1.202362E-4, mCurrentVector = timeMillisSinceBoot=136080714 | x=-0.32004002, y=9.12144, z=3.807579, energy=7.443288E-5, mSampleCount = 1135, mEnergy = 0.01035186
02-15 14:03:39.553  3260  3367 D OplusMotionDetector: mCurrentGravityVector = timeMillisSinceBoot=136078237 | x=-0.31880522, y=9.1207905, z=3.8169193, energy=0.0
02-15 14:03:39.553  3260  3367 D OplusMotionDetector: mPreviousGravityVector = timeMillisSinceBoot=136077239 | x=-0.31899825, y=9.120365, z=3.8169193, energy=0.0
02-15 14:03:39.553  3260  3367 D OplusMotionDetector: getStationaryStatus: angle = 0,001523 mEnergy = 0,010352
02-15 14:03:39.599  1863  1915 D BatteryChargeControl: bcc get no support from charging protocol
02-15 14:03:39.606  4781  5322 D DnsDomainBlock: onDnsEvent: latencyMs=0, returnCode=4, uid=10550
02-15 14:03:39.610  4781  5322 D DnsDomainBlock: onDnsEvent: latencyMs=0, returnCode=4, uid=10550
02-15 14:03:39.612  4781  5322 D DnsDomainBlock: onDnsEvent: latencyMs=0, returnCode=4, uid=10550
02-15 14:03:39.645  1666  7101 E vendor.qti.bluetooth@1.1-wake_lock: [wake_lock.cpp:149] Release wake lock not initialized/acquired
02-15 14:03:39.768  2034  2298 D VRR [OTI]: handleIdle from 1 to 0
02-15 14:03:39.768  2034  2298 D VRR [OTI-HW]: isStateReady 0
02-15 14:03:39.768  2034  2298 D VRR [OTI-HW]: keep rate.
02-15 14:03:39.768  2034  2298 D VRR [OTI-ADFR]: targetRate change from 60 to 0
02-15 14:03:39.768  2034  2298 I VRR [CVT]: setFrameRate with [0, oti-adfr]
02-15 14:03:39.768  2034  2298 D VRR [OplusVSyncPredictor]: setCvtRefreshRate (0), Period (8333333)
02-15 14:03:39.768  2034  2298 I VRR-[OPlusRefreshRateSelector]: setIdleModeExternal success, idle fps: 0
02-15 14:03:39.769  1696  2216 I SDM     : HWDeviceDRM::OPlusGetQSyncMinFps: VRR +  OPlusGetQSyncMinFps: 12714112 00C20080
02-15 14:03:39.769  1696  2216 I SDM     : DisplayBuiltIn::SetQSyncMode: VRR + update qsync mode 0 minfps 00C20080
02-15 14:03:39.769  1696  2216 I SDM     : HWDeviceDRM::OPlusIsQSyncMinFpsForAuto: VRR +  OPlusIsQSyncMinFpsForAuto: 1
02-15 14:03:39.769  1696  2216 I SDM     : DisplayBuiltIn::SetQSyncMode: VRR + needs_avr_update_ 0
02-15 14:03:39.769  1696  2216 I SDM     : DisplayBuiltIn::SetQSyncMode: Qsync mode set to 0 successfully, setting transfer time to min: 6392
02-15 14:03:39.769  1696  2216 W SDM     : DisplayBuiltIn::UpdateTransferTime: Same transfer time requested. Current = 6392, Requested = 6392
02-15 14:03:39.770  3260  3415 D PowerManagerService: userActivityNoUpdateLocked: groupId=0, eventTime=69124905, event=touch, flags=0x0, uid=1000
02-15 14:03:39.769  6087  6087 E IJankManager: slideSceneEnd unknown scene 1000 mScene:-1
02-15 14:03:39.770  3260  4398 I [UAH_CLIENT]: UahEventAcquire, cmdid:37, pkg:none, identity:OplusUAwareInputHelper
02-15 14:03:39.771  3260  4398 D UAH-UahAdaptHelper: adaptSetNotification identity = OplusUAwareInputHelpersrc = 1000 , type 0 ,p1 = -1 ,p2 = -1 ,p3 = -1 ,p4 =
02-15 14:03:39.771  3260  4398 I [UAH_CLIENT]: uahRuleCtl, ruleId:1000, status:0
02-15 14:03:39.772  3260  4083 D GestureLog_OplusMultiPointerDetector: onTouchEvent------>start, mCurNumPointers=1, mCurrStatus=0 mIsDownIntervalTimeout=true, action=0 downTime=69124905 deviceId=-1
02-15 14:03:39.777  1696  2155 I SDM     : HWDeviceDRM::OPlusGetQSyncMinFpsUpdate: VRR +  OPlusGetQSyncMinFpsUpdate: 1
02-15 14:03:39.777  1696  2155 I SDM     : HWDeviceDRM::OPlusIsQSyncMinFpsForAuto: VRR +  OPlusIsQSyncMinFpsForAuto: 1
02-15 14:03:39.777  1696  2155 I SDM     : HWDeviceDRM::OPlusGetQSyncMinFps: VRR +  OPlusGetQSyncMinFps: 12714112 00C20080
02-15 14:03:39.777  1696  2155 E SDM     : DRMConnector::Perform: Connector 67: Setting Qsync min fps 12714112
02-15 14:03:39.778  4567  4646 D OneHandedTouchHandler: onMotionEvent: mIsInOutsideRegion = false, mIsOnStopTransitioning = false, rawY = 1000.0
02-15 14:03:39.778  3260  4398 D UAH-UahAdaptHelper: adaptSetNotification identity = OplusUAwareInputHelpersrc = 1000 , type 1 ,p1 = -1 ,p2 = -1 ,p3 = -1 ,p4 =
02-15 14:03:39.778  3260  4398 I [UAH_CLIENT]: uahRuleCtl, ruleId:1000, status:1
02-15 14:03:39.778  3260  3368 D OplusPanoramaWorkBranchController: notifyMotionUpOrCancel
02-15 14:03:39.779  3260  4052 D PresentationStatsEventLogger: Started new PresentationStatsEvent
02-15 14:03:39.780  3260  4052 I AppsFilter: interaction: PackageSetting{172dc7c com.willpower.tracker.lab7/10768} -> PackageSetting{d2c6945 ru.yandex.searchplugin/10627} BLOCKED
02-15 14:03:39.781  6087  6087 I AutofillManager: showAutofillDialog() return false due to improve fill dialog
02-15 14:03:39.782  3260  3893 D InputMethodManagerService: isSecurity: attribute.packageName = com.willpower.tracker.lab7 mCurMethodId = ru.yandex.androidkeyboard/com.android.inputmethod.latin.LatinIME isSecurity = false ( enable = false needShow = false inBlackList = false isExist = true )
02-15 14:03:39.782  3260  4052 I AppsFilter: interaction: PackageSetting{172dc7c com.willpower.tracker.lab7/10768} -> PackageSetting{d2c6945 ru.yandex.searchplugin/10627} BLOCKED
02-15 14:03:39.782  6087  6087 I ImeTracker: com.willpower.tracker.lab7:4360e015: onRequestShow at ORIGIN_CLIENT reason SHOW_SOFT_INPUT fromUser true
02-15 14:03:39.782  3260  4052 I AppsFilter: interaction: PackageSetting{172dc7c com.willpower.tracker.lab7/10768} -> PackageSetting{d2c6945 ru.yandex.searchplugin/10627} BLOCKED
02-15 14:03:39.782  3260  4052 V OplusUXIconLoader: loadUxIcon drawable null, packageName = ru.yandex.searchplugin,activityName =:null
02-15 14:03:39.782  3260  4052 I AppsFilter: interaction: PackageSetting{172dc7c com.willpower.tracker.lab7/10768} -> PackageSetting{d2c6945 ru.yandex.searchplugin/10627} BLOCKED
02-15 14:03:39.782  6087  6087 D InsetsController: show(ime(), fromIme=false)
02-15 14:03:39.783  3260  4052 I AppsFilter: interaction: PackageSetting{172dc7c com.willpower.tracker.lab7/10768} -> PackageSetting{d2c6945 ru.yandex.searchplugin/10627} BLOCKED
02-15 14:03:39.783  3260  4052 I AppsFilter: interaction: PackageSetting{172dc7c com.willpower.tracker.lab7/10768} -> PackageSetting{d2c6945 ru.yandex.searchplugin/10627} BLOCKED
02-15 14:03:39.783  6087  6087 D InsetsController: Setting requestedVisibleTypes to -1 (was -9)
02-15 14:03:39.783  6087  6087 D OplusWindowManager: get WMS extension: android.os.BinderProxy@ebb701a
02-15 14:03:39.783  3260  3722 D OplusWindowManagerServiceEnhance: setInsetAnimationTid: pid 6087 ,tid 6087 ,enable false ,uafEnable true
02-15 14:03:39.784  3260  3379 I UserAwareMgr: event is already released: SceneEvent{id=5017, maxWorkDurationMs=1500, caller='[android]', eventFlags=0, fbPriority=1, keyThreads=[KeyThread{name=InsetsAnimation, owner=self, schedPolicy=ux, priority=ANIMATOR, maxThreadCount=1}, KeyThread{name=UIThread, owner=self, schedPolicy=ux, priority=ANIMATOR, maxThreadCount=1}, KeyThread{name=main, owner=self, schedPolicy=ux, priority=ANIMATOR, maxThreadCount=1}], vipBinderGroup=null}, callingPid: 3260, appPid: 0
02-15 14:03:39.786  6087  6087 D EditorExtImpl: need VIBRATE permission to vibrateForCursorMove
02-15 14:03:39.788  3260  3722 I TaskOrganizerController: onTaskInfoChanged taskid 31619 config { mBounds=Rect(0, 0 - 1080, 2412) mAppBounds=Rect(0, 0 - 1080, 2412) mMaxBounds=Rect(0, 0 - 1080, 2412) mDisplayRotation=ROTATION_0 mWindowingMode=fullscreen mActivityType=standard mAlwaysOnTop=undefined mRotation=ROTATION_0}
02-15 14:03:39.789  3260  3893 I [UAH_CLIENT]: UahEventAcquire, cmdid:39, pkg:none, identity:InputMethodManagerServiceExtImpl
02-15 14:03:39.789  6087  6087 D OplusViewDragTouchViewHelper: dispatchTouchView action = 1
02-15 14:03:39.789  4567  4646 D ShellTaskOrganizerExt: visibleFlexibleTaskInfos delete:31619
02-15 14:03:39.789  4567  4646 D ShellTaskOrganizerExt: isOnCanvas size:0
02-15 14:03:39.789  4567  4646 D ShellTaskOrganizerExt: isOnThreeFlexibleCanvas size:0
02-15 14:03:39.789  6087  6087 D ViewRootImplExtImpl: the up motion event handled by client, just return
02-15 14:03:39.790  3260  3722 D OplusFlexibleDragToSplitAnimController: visibleFlexibleTaskInfos delete:31619
02-15 14:03:39.790  3260  3722 E FlexibleWindowManagerService: notifyTaskObserverToAttachController not need to notify!
02-15 14:03:39.790  3260  3722 I FlexibleWindowManagerService: onFlexibleWindowTaskInfoChanged, return for cur task not embedded
02-15 14:03:39.790  3260  3893 I FlexibleTaskController: onShowImeRequested
02-15 14:03:39.791  6087  6087 D WindowManager: Add to mViews: android.widget.PopupWindow$PopupDecorView{c83e335 V.E...... R.....I. 0,0-0,0 alpha=1.0 viewInfo = },pkg= com.willpower.tracker.lab7
02-15 14:03:39.791  6087  6135 D skia    : setRusSupported enable 0
02-15 14:03:39.792  8153  8167 I dyyr    : (REDACTED) appOpsListener %s %s
02-15 14:03:39.792  8153  8167 I dyyr    : (REDACTED) Ignoring irrelevant audio permission changes for package %s
02-15 14:03:39.795  6975  6975 W VRI[OplusOSEdgeFloatBar]: handleResized abandoned!
02-15 14:03:39.795  4567  4567 W VRI[StatusBar]: handleResized abandoned!
02-15 14:03:39.795  4567  4567 W VRI[NavigationBar_displayId_0]: handleResized abandoned!
02-15 14:03:39.796  4567  4869 W VRI[ScreenDecorOverlay]: handleResized abandoned!
02-15 14:03:39.796  4567  4869 W VRI[ScreenDecorOverlayBottom]: handleResized abandoned!
02-15 14:03:39.797  3260  4052 I WindowManager: addWindow: New client android.os.BinderProxy@bef78d8 : window=Window{ad87431 u0 PopupWindow:1970a1f}
02-15 14:03:39.797  6087  6087 D ViewRootImplExtImpl: onDisplayChanged -1 for VRI android.view.ViewRootImpl@bffb858
02-15 14:03:39.802  6087  6087 E OplusBracketLog: [OplusViewMirrorManager] updateHostViewRootIfNeeded, not support android.view.ViewRootImpl@bffb858
02-15 14:03:39.803  3260  4052 D CoreBackPreview: Window{ad87431 u0 PopupWindow:1970a1f}: Setting back callback OnBackInvokedCallbackInfo{mCallback=android.window.IOnBackInvokedCallback$Stub$Proxy@34f4a84, mPriority=0, mIsAnimationCallback=false, mOverrideBehavior=0}
02-15 14:03:39.803  3260  3722 V WindowManager: Relayout Window{ad87431 u0 PopupWindow:1970a1f}: viewVisibility=0, oldvis=0, req=120x120 , apr = 0, vsysui=, x=500, y=1078
02-15 14:03:39.803  3260  3722 I WindowManager: Window{ad87431 u0 PopupWindow:1970a1f} state from NO_SURFACE to DRAW_PENDING; reason: resetDrawState
02-15 14:03:39.803  3260  3379 W SmartWindowScene: updateWindowState fail! invalid window type: -1
02-15 14:03:39.803  3260  3379 W SmartWindowScene: updateWindowState fail! invalid window type: -1
02-15 14:03:39.805  3260  3722 D WindowManager: NFW_findFocusedWindowIfNeeded:Window{8dcb87e u0 com.willpower.tracker.lab7/com.willpower.tracker.MainActivity} mCurrentFocus:Window{8dcb87e u0 com.willpower.tracker.lab7/com.willpower.tracker.MainActivity}
02-15 14:03:39.806  6087  6087 W libc    : Access denied finding property "vendor.display.enable_optimal_refresh_rate"
02-15 14:03:39.806  6087  6087 D BufferQueueConsumer: [](id:17c700000001,api:0,p:-1,c:6087) connect: controlledByApp=false
02-15 14:03:39.806  6087  6087 D BufferQueueConsumer: [VRI[PopupWindow:1970a1f]#1(BLAST Consumer)1](id:17c700000001,api:0,p:-1,c:6087) setMaxAcquiredBufferCount: 2
02-15 14:03:39.806  6087  6087 W libc    : Access denied finding property "vendor.display.enable_optimal_refresh_rate"
02-15 14:03:39.808  6087  6135 D HWUI    : createSurface new attribs array
02-15 14:03:39.808  6087  6135 D libEGL  : this is from skia gles
02-15 14:03:39.808  6087  6135 D BufferQueueProducer: [VRI[PopupWindow:1970a1f]#1(BLAST Consumer)1](id:17c700000001,api:1,p:6087,c:6087) connect: api=1 producerControlledByApp=true
02-15 14:03:39.809  6087  6087 I SurfaceControl:  setExtendedRangeBrightness sc=Surface(name=PopupWindow:1970a1f)/@0x6a13a70,currentBufferRatio=1.0,desiredRatio=1.0
02-15 14:03:39.811  6087  6135 D BLASTBufferQueue: [VRI[PopupWindow:1970a1f]#1](f:0,a:1) acquireNextBufferLocked size=120x120 mFrameNumber=1 applyTransaction=true mTimestamp=69124950129775(auto) mPendingTransactions.size=0 graphicBufferId=26143465930759 transform=0
02-15 14:03:39.811  6087  6135 D VRI[PopupWindow:1970a1f]: Received frameCommittedCallback lastAttemptedDrawFrameNum=1 didProduceBuffer=true syncBuffer=false
02-15 14:03:39.811  6087  6087 D VRI[PopupWindow:1970a1f]: draw finished. seqId=0
02-15 14:03:39.811  3260  4052 I WindowManager: Window{ad87431 u0 PopupWindow:1970a1f} state from DRAW_PENDING to COMMIT_DRAW_PENDING; reason: finishDrawingLocked
02-15 14:03:39.812  1863  1863 D ChargerInfo: getInfo: type: 0x1, update: 1
02-15 14:03:39.812  1863  1895 D ChargerInfo: chargerInfoUpdateThread: update start
02-15 14:03:39.812  3260  3371 I WindowManager: Window{ad87431 u0 PopupWindow:1970a1f} state from COMMIT_DRAW_PENDING to READY_TO_SHOW; reason: commitFinishDrawingLocked
02-15 14:03:39.812  3260  3371 D CoreBackPreview:  return markWindowHasDrawn mComposed: false  mWaitTransition: false
02-15 14:03:39.812  3260  3371 D ActivityTaskManager: Clearing startingData for activity=ActivityRecord{187460523 u0 com.willpower.tracker.lab7/com.willpower.tracker.MainActivity t31619} mStartingData=null mStartingSurface=null
02-15 14:03:39.813  3260  3371 D WindowManager: setFrameRateStart invalid typeId return!
02-15 14:03:39.813  1863  1895 D ChargerInfo: enableTx: path(/proc/wireless/enable_tx): not exist
02-15 14:03:39.813  3260  3371 I WindowManager: Window{ad87431 u0 PopupWindow:1970a1f} state from READY_TO_SHOW to HAS_DRAWN; reason: performShowLocked
02-15 14:03:39.813  6087  6087 D OplusScrollToTopManager: PopupWindow:1970a1f,window dying
02-15 14:03:39.814  6087  6087 D OplusScrollToTopManager: PopupWindow:1970a1f,unregisterSystemUIBroadcastReceiver 
02-15 14:03:39.814  6087  6087 D OplusScrollToTopManager: PopupWindow:1970a1f, unregisterSystemUIBroadcastReceiver failed java.lang.IllegalArgumentException: Receiver not registered: android.view.OplusScrollToTopManager$2@69cb90f
02-15 14:03:39.814  6087  6087 W WindowOnBackDispatcher: sendCancelIfRunning: isInProgress=false callback=android.view.ViewRootImpl$$ExternalSyntheticLambda13@e40204
02-15 14:03:39.815  3260  4052 D CoreBackPreview: Window{ad87431 u0 PopupWindow:1970a1f}: Setting back callback null
02-15 14:03:39.815  6087  6087 D HWUI    : RenderProxy::destroy: this=0xb4000071acb22400, mContext=0xb40000719fc9c4c0
02-15 14:03:39.815  6087  6135 D HWUI    : SkiaOpenGLPipeline::setSurface: this=0xb4000071acc52640, surface=NULL
02-15 14:03:39.815  6087  6135 D BufferQueueProducer: [VRI[PopupWindow:1970a1f]#1(BLAST Consumer)1](id:17c700000001,api:1,p:6087,c:6087) disconnect: api 1
02-15 14:03:39.815  3260  3372 D SurfaceAnimationRunner: onAnimationStart:Surface(name=Surface(name=ad87431 PopupWindow:1970a1f)/@0xd887869 - animation-leash of window_animation)/@0x20172ee
02-15 14:03:39.815  3260  3371 D CoreBackPreview:  return markWindowHasDrawn mComposed: false  mWaitTransition: false
02-15 14:03:39.816  1863  1895 D ChargerInfo: get_ui_charge_icon_type: 0 0 0 0
02-15 14:03:39.816  3260  4052 D SurfaceAnimationRunner: onAnimationCancelled:Surface(name=Surface(name=ad87431 PopupWindow:1970a1f)/@0xd887869 - animation-leash of window_animation)/@0x20172ee com.android.server.wm.LocalAnimationAdapter.onAnimationCancelled:72 com.android.server.wm.SurfaceAnimator.cancelAnimation:376 com.android.server.wm.SurfaceAnimator.startAnimation:186 com.android.server.wm.WindowContainer.startAnimation:3308 com.android.server.wm.WindowContainer.startAnimation:3315 
02-15 14:03:39.816  3260  3372 D SurfaceAnimationRunner: onAnimationEnd:Surface(name=Surface(name=ad87431 PopupWindow:1970a1f)/@0xd887869 - animation-leash of window_animation)/@0x20172ee
02-15 14:03:39.817  3260  4052 D WindowManager: setFrameRateStart invalid typeId return!
02-15 14:03:39.817  3260  4052 D WindowManager: NFW_findFocusedWindowIfNeeded:Window{8dcb87e u0 com.willpower.tracker.lab7/com.willpower.tracker.MainActivity} mCurrentFocus:Window{8dcb87e u0 com.willpower.tracker.lab7/com.willpower.tracker.MainActivity}
02-15 14:03:39.818  6087  6087 W VRI[MainActivity]: handleResized abandoned!
02-15 14:03:39.819  1863  1895 D ChargerInfo: cpaPower:2500 isChargeOnline:1 isSupportRetentionTopic:0
02-15 14:03:39.819  1863  1895 E ChargerInfo: SingleHyperPath not found
02-15 14:03:39.820  1863  1895 D ChargerInfo: CarC: path(/sys/class/oplus_chg/battery/gauge_car_c): not exist
02-15 14:03:39.820  1863  1895 D ChargerInfo: chargerInfoUpdateThread: update end
02-15 14:03:39.820  1863  1895 D ChargerInfo: chargerInfoUpdateThread: update wait
02-15 14:03:39.820  1863  1863 D ChargerInfo: enableTx: path(/proc/wireless/enable_tx): not exist
02-15 14:03:39.820  1863  1863 D ChargerInfo: getInfo: {"Update":{"batteryFcc":3974,"batteryRm":844,"bddLeakCurr":0,"bmsStatus":0,"bypassChgStatus":0,"chargeTimeRemaining":0,"cpaPower":2,"enableTx":true,"fastCharge":0,"isSupportSpeedCharge":0,"notifyCode":0,"otgOnline":1,"ppsChargePower":0,"ppsCharging":0,"shortCHwStatus":0,"shortIcOtpStatus":0,"uiIconType":0,"uiPower":0,"usbStatus":0,"wlsAdapterPower":0}}
02-15 14:03:39.821  3260  3722 D ClipboardService: clipboardAccessAllowed: op=29 result=true callingPackage=ru.yandex.androidkeyboard
02-15 14:03:39.822  3260  3722 D ClipboardService: clipboardAccessAllowed: op=29 result=true callingPackage=ru.yandex.androidkeyboard
02-15 14:03:39.822  3260  3722 D ClipboardService: clipboardAccessAllowed: op=29 result=true callingPackage=ru.yandex.androidkeyboard
02-15 14:03:39.823  3260  3372 D SurfaceAnimationRunner: onAnimationStart:Surface(name=Surface(name=ad87431 PopupWindow:1970a1f)/@0xd887869 - animation-leash of window_animation)/@0x63dcba1
02-15 14:03:39.825  3260  3379 W QosScheduler: executeSceneQosStrategy failed! qos feature no enable
02-15 14:03:39.825 29884 29925 D EDGE_TOUCH_SERVICE: onInputtungMethodVisibilityChanged: isVisible = true
02-15 14:03:39.825  6087  6109 D BLASTBufferQueue: [VRI[PopupWindow:1970a1f]#1](f:0,a:1) destructor()
02-15 14:03:39.825  6087  6109 D BufferQueueConsumer: [VRI[PopupWindow:1970a1f]#1(BLAST Consumer)1](id:17c700000001,api:0,p:-1,c:6087) disconnect
02-15 14:03:39.826  4567  4567 I SystemUi--NavBar: NavigationBarGestureExImpl-->oplusAllowSystemGestureIgnoringBarVisibility isOplusFlagAllowBackGestureIgnoreVisibilityState = false isGestureMisTouchPreventionEnable = true
02-15 14:03:39.826  4567  4567 D LauncherProxyService: Notifying sysui state change to launcher service: proxy=com.android.systemui.shared.recents.ILauncherProxy$Stub$Proxy@a216a1a display=0 flags=ime_visible|ime_switcher_button_visible|awake|back_dismiss_ime
02-15 14:03:39.829 18379 18379 D ViewRootImplExtImpl: wrapConfigInfoIntoFlags rotation=0, smallestScreenWidthDp=360, residentWS=false, scenario=0, bounds=Rect(0, 0 - 1080, 2412), relayoutAsync=false, flags=1, newFlags=1264594177, title=InputMethod
02-15 14:03:39.830  3260  3722 V WindowManager: Relayout Window{fc7126f u0 InputMethod}: viewVisibility=0, oldvis=8, req=1080x2292 , apr = 0, vsysui=, x=0, y=0
02-15 14:03:39.830  3260  3722 I WindowManager: Window{fc7126f u0 InputMethod} state from NO_SURFACE to DRAW_PENDING; reason: resetDrawState
02-15 14:03:39.830  3260  3379 W SmartWindowScene: updateWindowState fail! invalid window type: -1
02-15 14:03:39.831  3260  3379 W SmartWindowScene: updateWindowState fail! invalid window type: -1
02-15 14:03:39.832  3260  3722 D WindowManager: setFrameRateStart invalid typeId return!
02-15 14:03:39.833  3260  3722 D WindowManager: NFW_findFocusedWindowIfNeeded:Window{8dcb87e u0 com.willpower.tracker.lab7/com.willpower.tracker.MainActivity} mCurrentFocus:Window{8dcb87e u0 com.willpower.tracker.lab7/com.willpower.tracker.MainActivity}
02-15 14:03:39.833  4567  4646 D WindowManagerShell: onKeepClearAreasChanged: restricted={}, unrestricted={Rect(0, 1673 - 1080, 2412)}
02-15 14:03:39.834 18379 18379 W VRI[InputMethod]: updateBlastSurfaceIfNeeded, surfaceSize:Point(1080, 2292), lastSurfaceSize:Point(1080, 2292), format:-2, blastBufferQueue:null
02-15 14:03:39.834 18379 18379 W libc    : Access denied finding property "vendor.display.enable_optimal_refresh_rate"
02-15 14:03:39.834 18379 18379 D BufferQueueConsumer: [](id:47cb000000a4,api:0,p:-1,c:18379) connect: controlledByApp=false
02-15 14:03:39.834 18379 18379 D BufferQueueConsumer: [VRI[InputMethod]#164(BLAST Consumer)164](id:47cb000000a4,api:0,p:-1,c:18379) setMaxAcquiredBufferCount: 2
02-15 14:03:39.834 18379 18379 W libc    : Access denied finding property "vendor.display.enable_optimal_refresh_rate"
02-15 14:03:39.835  3260  4052 D CoreBackPreview: Window{8dcb87e u0 com.willpower.tracker.lab7/com.willpower.tracker.MainActivity}: Setting back callback OnBackInvokedCallbackInfo{mCallback=android.window.IOnBackInvokedCallback$Stub$Proxy@9a6739e, mPriority=0, mIsAnimationCallback=true, mOverrideBehavior=0}
02-15 14:03:39.835 18379 18597 D HWUI    : createSurface new attribs array
02-15 14:03:39.835 18379 18597 D libEGL  : this is from skia gles
02-15 14:03:39.835 18379 18597 D BufferQueueProducer: [VRI[InputMethod]#164(BLAST Consumer)164](id:47cb000000a4,api:1,p:18379,c:18379) connect: api=1 producerControlledByApp=true
02-15 14:03:39.836 18379 18379 I SurfaceControl:  setExtendedRangeBrightness sc=Surface(name=InputMethod)/@0xfbb44a8,currentBufferRatio=1.0,desiredRatio=1.0
02-15 14:03:39.839 18379 18597 D BLASTBufferQueue: [VRI[InputMethod]#164](f:0,a:1) acquireNextBufferLocked size=1080x2292 mFrameNumber=1 applyTransaction=true mTimestamp=69124978777848(auto) mPendingTransactions.size=0 graphicBufferId=78937203933885 transform=0
02-15 14:03:39.839  3260  5002 D UsageStatsService: User[0] type=0 b=1771153418469 e=1771153419838 cb=1771103758699 ce=1771153419787 disk=0 all=0
02-15 14:03:39.839 18379 18597 D VRI[InputMethod]: Received frameCommittedCallback lastAttemptedDrawFrameNum=1 didProduceBuffer=true syncBuffer=false
02-15 14:03:39.839 18379 18379 D VRI[InputMethod]: draw finished. seqId=27
02-15 14:03:39.840  4781  5322 D DnsDomainBlock: onDnsEvent: latencyMs=0, returnCode=0, uid=10303
02-15 14:03:39.841  6975  6975 W VRI[OplusOSEdgeFloatBar]: handleResized abandoned!
02-15 14:03:39.841  4567  4567 W VRI[StatusBar]: handleResized abandoned!
02-15 14:03:39.841  4567  4567 W VRI[NavigationBar_displayId_0]: handleResized abandoned!
02-15 14:03:39.842  6087  6087 W VRI[MainActivity]: handleResized abandoned!
02-15 14:03:39.842  4567  4869 W VRI[ScreenDecorOverlay]: handleResized abandoned!
02-15 14:03:39.842  4567  4869 W VRI[ScreenDecorOverlayBottom]: handleResized abandoned!
02-15 14:03:39.842  4567  4646 D WindowManagerShell: onKeepClearAreasChanged: restricted={}, unrestricted={Rect(0, 1541 - 1080, 2412)}
02-15 14:03:39.843  3260  4052 I WindowManager: Window{fc7126f u0 InputMethod} state from DRAW_PENDING to COMMIT_DRAW_PENDING; reason: finishDrawingLocked
02-15 14:03:39.844 18379 18379 D OplusSystemUINavigationGesture: packageName: ru.yandex.androidkeyboard, systemGestureExclusionChanged region=SkRegion((0,1421,120,2226)(960,1421,1080,2226)) list:
02-15 14:03:39.844 18379 18379 D OplusSystemUINavigationGesture: systemGestureExclusionChanged rect=Rect(0, 1421 - 120, 2226)
02-15 14:03:39.844 18379 18379 D OplusSystemUINavigationGesture: systemGestureExclusionChanged rect=Rect(960, 1421 - 1080, 2226)
02-15 14:03:39.844 18379 18379 W VRI[InputMethod]: handleResized, msg:, frameChanged:false, configChanged:false, displayChanged:false, attachedFrameChanged:false, compatScaleChanged:false, pendingDragResizing=false
02-15 14:03:39.844  3260  3371 I WindowManager: Window{fc7126f u0 InputMethod} state from COMMIT_DRAW_PENDING to READY_TO_SHOW; reason: commitFinishDrawingLocked
02-15 14:03:39.844  3260  3371 V WindowStateExtImpl: notifyWindowStateChange input show
02-15 14:03:39.844  3260  3371 I WindowManager: Window{fc7126f u0 InputMethod} state from READY_TO_SHOW to HAS_DRAWN; reason: performShowLocked
02-15 14:03:39.845  1820  1820 D OplusTouch: in_deviceId = 0,in_nodeFlag = 8
02-15 14:03:39.845  1820  1820 D OplusTouch: path = /proc/touchpanel/kernel_grip_handle,len = 8192
02-15 14:03:39.845  3260  3380 D ColorTouchNodeManagerService: isTouchNodeSupport, nodeFlag: 8, dId:0, result:1
02-15 14:03:39.845  1820  1820 D OplusTouch: in_deviceId = 1,in_nodeFlag = 8
02-15 14:03:39.845  1820  1820 D OplusTouch: path = /proc/touchpanel1/kernel_grip_handle,len = 8192
02-15 14:03:39.845  3260  3380 D ColorTouchNodeManagerService: isTouchNodeSupport, nodeFlag: 8, dId:1, result:-1
02-15 14:03:39.846  4567  4646 D ZoomController: forAllRootTaskManagers  managerSize = 0
02-15 14:03:39.846  4567  4646 D TipsController: hideAllTipsView reason:0 caller:com.oplus.flexibletask.tips.TipsController.onImePositionChanged:6 com.oplus.zoom.common.ZoomInsetsController.onImePositionChanged:19 com.oplus.zoom.common.ZoomInsetsController.-$$Nest$monImePositionChanged:1 com.oplus.zoom.common.ZoomInsetsController$PerDisplay.updateImeInsetsState:64 com.oplus.zoom.common.ZoomInsetsController$PerDisplay.insetsChanged:1 com.android.wm.shell.common.DisplayInsetsController$OnInsetsChangedListener.insetsChanged:2 
02-15 14:03:39.846  4567  4646 D FlexibleTaskLingGuangTipsManager: hideLingGuangTips in post main handler=0
02-15 14:03:39.846  4567  4567 D FlexibleTaskLingGuangTipsManager: hideLingGuangTipsInMainThread reason:0
02-15 14:03:39.846  4567  4567 D FlexibleTaskLingGuangTipsManager: not need hide mFlexibleTaskScaleTextSurface is null
02-15 14:03:39.846  1820  1820 D OplusTouch: in_deviceId = 0,in_nodeFlag = 8,data = mod para_V2 set_ime_showing:1,len = 29
02-15 14:03:39.846  1820  1820 D OplusTouch: path = /proc/touchpanel/kernel_grip_handle,len = 8192
02-15 14:03:39.846  1820  1820 D OplusTouch: write 29 bytes
02-15 14:03:39.846  6975  6975 W VRI[OplusOSEdgeFloatBar]: handleResized abandoned!
02-15 14:03:39.847  4567  4567 W VRI[StatusBar]: handleResized abandoned!
02-15 14:03:39.847  4567  4567 W VRI[NavigationBar_displayId_0]: handleResized abandoned!
02-15 14:03:39.847  6087  6087 W VRI[MainActivity]: handleResized abandoned!
02-15 14:03:39.847  4567  4869 W VRI[ScreenDecorOverlay]: handleResized abandoned!
02-15 14:03:39.847  4567  4869 W VRI[ScreenDecorOverlayBottom]: handleResized abandoned!
02-15 14:03:39.849  3260  3379 I UserAwareMgr: handleFgAppChanged, pkgName: ru.yandex.androidkeyboard, pid: 18379, isVisible: true, fgAppType: FG2
02-15 14:03:39.852 18379 18597 D VRI[InputMethod]: Received frameCommittedCallback lastAttemptedDrawFrameNum=2 didProduceBuffer=false syncBuffer=false
02-15 14:03:39.852 18379 18379 D VRI[InputMethod]: draw finished. seqId=27
02-15 14:03:39.852 18379 18379 W VRI[InputMethod]: handleResized abandoned!
02-15 14:03:39.853  3260  3322 D OplusWindowManagerServiceEnhance: setInsetAnimationTid: pid 6087 ,tid 6528 ,enable true ,uafEnable true
